Component: ARM Compiler 5.06 update 4 (build 422) Tool: armlink [4d35d2]

==============================================================================

Section Cross References

    startup_stm32f103xe.o(RESET) refers to startup_stm32f103xe.o(STACK) for __initial_sp
    startup_stm32f103xe.o(RESET) refers to startup_stm32f103xe.o(.text) for Reset_Handler
    startup_stm32f103xe.o(RESET) refers to stm32f1xx_it.o(i.NMI_Handler) for NMI_Handler
    startup_stm32f103xe.o(RESET) refers to stm32f1xx_it.o(i.HardFault_Handler) for HardFault_Handler
    startup_stm32f103xe.o(RESET) refers to stm32f1xx_it.o(i.MemManage_Handler) for MemManage_Handler
    startup_stm32f103xe.o(RESET) refers to stm32f1xx_it.o(i.BusFault_Handler) for BusFault_Handler
    startup_stm32f103xe.o(RESET) refers to stm32f1xx_it.o(i.UsageFault_Handler) for UsageFault_Handler
    startup_stm32f103xe.o(RESET) refers to port.o(.emb_text) for SVC_Handler
    startup_stm32f103xe.o(RESET) refers to stm32f1xx_it.o(i.DebugMon_Handler) for DebugMon_Handler
    startup_stm32f103xe.o(RESET) refers to port.o(i.SysTick_Handler) for SysTick_Handler
    startup_stm32f103xe.o(RESET) refers to stm32f1xx_it.o(i.USART1_IRQHandler) for USART1_IRQHandler
    startup_stm32f103xe.o(RESET) refers to stm32f1xx_it.o(i.USART2_IRQHandler) for USART2_IRQHandler
    startup_stm32f103xe.o(RESET) refers to stm32f1xx_it.o(i.USART3_IRQHandler) for USART3_IRQHandler
    startup_stm32f103xe.o(RESET) refers to stm32f1xx_it.o(i.TIM8_UP_IRQHandler) for TIM8_UP_IRQHandler
    startup_stm32f103xe.o(RESET) refers to stm32f1xx_it.o(i.UART4_IRQHandler) for UART4_IRQHandler
    startup_stm32f103xe.o(.text) refers to system_stm32f1xx.o(i.SystemInit) for SystemInit
    startup_stm32f103xe.o(.text) refers to entry.o(.ARM.Collect$$$$00000000) for __main
    task_statemachine.o(i.Avoid_Obstacle) refers to task_statemachine.o(.data) for .data
    task_statemachine.o(i.Avoid_Obstacle) refers to main.o(.bss) for Re_buf2
    task_statemachine.o(i.GetGaitMode) refers to task_statemachine.o(.data) for .data
    task_statemachine.o(i.GetMainState) refers to task_statemachine.o(.data) for .data
    task_statemachine.o(i.MainState_Update) refers to task_statemachine.o(.data) for .data
    task_statemachine.o(i.Task_StateMachine_Start) refers to stm32f1xx_hal_uart.o(i.HAL_UART_Receive_IT) for HAL_UART_Receive_IT
    task_statemachine.o(i.Task_StateMachine_Start) refers to tasks.o(i.xTaskGetTickCount) for xTaskGetTickCount
    task_statemachine.o(i.Task_StateMachine_Start) refers to cmsis_os.o(i.osMailGet) for osMailGet
    task_statemachine.o(i.Task_StateMachine_Start) refers to task_statemachine.o(i.MainState_Update) for MainState_Update
    task_statemachine.o(i.Task_StateMachine_Start) refers to task_statemachine.o(i.Avoid_Obstacle) for Avoid_Obstacle
    task_statemachine.o(i.Task_StateMachine_Start) refers to tasks.o(i.vTaskDelayUntil) for vTaskDelayUntil
    task_statemachine.o(i.Task_StateMachine_Start) refers to task_statemachine.o(.data) for .data
    task_statemachine.o(i.Task_StateMachine_Start) refers to main.o(.bss) for data
    task_statemachine.o(i.Task_StateMachine_Start) refers to usart.o(.bss) for huart2
    task_statemachine.o(i.Task_StateMachine_Start) refers to freertos.o(.data) for myMail01Handle
    task_statemachine.o(i.Task_StateMachine_Start) refers to task_statemachine.o(.bss) for .bss
    task_init.o(i.Servo_Init) refers to stm32f1xx_hal_tim.o(i.HAL_TIM_PWM_Start) for HAL_TIM_PWM_Start
    task_init.o(i.Servo_Init) refers to tim.o(.bss) for htim1
    task_init.o(i.Task_Init_Start) refers to port.o(i.vPortEnterCritical) for vPortEnterCritical
    task_init.o(i.Task_Init_Start) refers to task_init.o(i.Servo_Init) for Servo_Init
    task_init.o(i.Task_Init_Start) refers to printfb.o(i.__0printf$bare) for __2printf
    task_init.o(i.Task_Init_Start) refers to stm32f1xx_hal.o(i.HAL_Delay) for HAL_Delay
    task_init.o(i.Task_Init_Start) refers to tasks.o(i.vTaskDelete) for vTaskDelete
    task_init.o(i.Task_Init_Start) refers to port.o(i.vPortExitCritical) for vPortExitCritical
    task_servocontrol.o(i.IMU_Attitude_Control) refers to fadd.o(.text) for __aeabi_fsub
    task_servocontrol.o(i.IMU_Attitude_Control) refers to fmul.o(.text) for __aeabi_fmul
    task_servocontrol.o(i.IMU_Attitude_Control) refers to task_servocontrol.o(i.Pos_Attitude_Control) for Pos_Attitude_Control
    task_servocontrol.o(i.IMU_Attitude_Control) refers to task_imu.o(.bss) for angle
    task_servocontrol.o(i.IMU_Attitude_Control) refers to task_servocontrol.o(.data) for .data
    task_servocontrol.o(i.Pos_Attitude_Control) refers to inverse_k.o(i.Leg_Position_Vector) for Leg_Position_Vector
    task_servocontrol.o(i.Pos_Attitude_Control) refers to inverse_k.o(i.inverse_kinematics) for inverse_kinematics
    task_servocontrol.o(i.Pos_Attitude_Control) refers to task_servocontrol.o(i.Servo_Control) for Servo_Control
    task_servocontrol.o(i.Servo_Control) refers to fmul.o(.text) for __aeabi_fmul
[...]
    i.TIM_Base_SetConfig                     0x08004d1c   Section        0  stm32f1xx_hal_tim.o(i.TIM_Base_SetConfig)
    i.TIM_CCxChannelCmd                      0x08004da8   Section        0  stm32f1xx_hal_tim.o(i.TIM_CCxChannelCmd)
    i.TIM_ETR_SetConfig                      0x08004dc2   Section        0  stm32f1xx_hal_tim.o(i.TIM_ETR_SetConfig)
    i.TIM_ITRx_SetConfig                     0x08004dd6   Section        0  stm32f1xx_hal_tim.o(i.TIM_ITRx_SetConfig)
    TIM_ITRx_SetConfig                       0x08004dd7   Thumb Code    16  stm32f1xx_hal_tim.o(i.TIM_ITRx_SetConfig)
    i.TIM_OC1_SetConfig                      0x08004de8   Section        0  stm32f1xx_hal_tim.o(i.TIM_OC1_SetConfig)
    TIM_OC1_SetConfig                        0x08004de9   Thumb Code    88  stm32f1xx_hal_tim.o(i.TIM_OC1_SetConfig)
    i.TIM_OC2_SetConfig                      0x08004e48   Section        0  stm32f1xx_hal_tim.o(i.TIM_OC2_SetConfig)
    i.TIM_OC3_SetConfig                      0x08004eb4   Section        0  stm32f1xx_hal_tim.o(i.TIM_OC3_SetConfig)
    TIM_OC3_SetConfig                        0x08004eb5   Thumb Code    96  stm32f1xx_hal_tim.o(i.TIM_OC3_SetConfig)
    i.TIM_OC4_SetConfig                      0x08004f1c   Section        0  stm32f1xx_hal_tim.o(i.TIM_OC4_SetConfig)
    TIM_OC4_SetConfig                        0x08004f1d   Thumb Code    70  stm32f1xx_hal_tim.o(i.TIM_OC4_SetConfig)
    i.TIM_TI1_ConfigInputStage               0x08004f6c   Section        0  stm32f1xx_hal_tim.o(i.TIM_TI1_ConfigInputStage)
    TIM_TI1_ConfigInputStage                 0x08004f6d   Thumb Code    34  stm32f1xx_hal_tim.o(i.TIM_TI1_ConfigInputStage)
    i.TIM_TI2_ConfigInputStage               0x08004f8e   Section        0  stm32f1xx_hal_tim.o(i.TIM_TI2_ConfigInputStage)
    TIM_TI2_ConfigInputStage                 0x08004f8f   Thumb Code    36  stm32f1xx_hal_tim.o(i.TIM_TI2_ConfigInputStage)
    i.Task_Control_Start                     0x08004fb2   Section        0  task_servocontrol.o(i.Task_Control_Start)
    i.Task_IMU_Start                         0x08004fcc   Section        0  task_imu.o(i.Task_IMU_Start)
    i.Task_Init_Start                        0x0800504c   Section        0  task_init.o(i.Task_Init_Start)
    i.Task_StateMachine_Start                0x080050a0   Section        0  task_statemachine.o(i.Task_StateMachine_Start)
    i.Trans_Angle                            0x0800513c   Section        0  task_servocontrol.o(i.Trans_Angle)
    Trans_Angle                              0x0800513d   Thumb Code   226  task_servocontrol.o(i.Trans_Angle)
    i.Trot_Gait                              0x08005234   Section        0  task_servocontrol.o(i.Trot_Gait)
    Trot_Gait                                0x08005235   Thumb Code   260  task_servocontrol.o(i.Trot_Gait)
    i.UART4_IRQHandler                       0x08005344   Section        0  stm32f1xx_it.o(i.UART4_IRQHandler)
    i.UART_DMAAbortOnError                   0x08005350   Section        0  stm32f1xx_hal_uart.o(i.UART_DMAAbortOnError)
    UART_DMAAbortOnError                     0x08005351   Thumb Code    16  stm32f1xx_hal_uart.o(i.UART_DMAAbortOnError)
    i.UART_EndRxTransfer                     0x08005360   Section        0  stm32f1xx_hal_uart.o(i.UART_EndRxTransfer)
    UART_EndRxTransfer                       0x08005361   Thumb Code    28  stm32f1xx_hal_uart.o(i.UART_EndRxTransfer)
    i.UART_Receive_IT                        0x0800537c   Section        0  stm32f1xx_hal_uart.o(i.UART_Receive_IT)
    UART_Receive_IT                          0x0800537d   Thumb Code   150  stm32f1xx_hal_uart.o(i.UART_Receive_IT)
    i.UART_SetConfig                         0x08005414   Section        0  stm32f1xx_hal_uart.o(i.UART_SetConfig)
    UART_SetConfig                           0x08005415   Thumb Code   178  stm32f1xx_hal_uart.o(i.UART_SetConfig)
    i.UART_Transmit_IT                       0x080054cc   Section        0  stm32f1xx_hal_uart.o(i.UART_Transmit_IT)
    UART_Transmit_IT                         0x080054cd   Thumb Code    98  stm32f1xx_hal_uart.o(i.UART_Transmit_IT)
    i.UART_WaitOnFlagUntilTimeout            0x0800552e   Section        0  stm32f1xx_hal_uart.o(i.UART_WaitOnFlagUntilTimeout)
    UART_WaitOnFlagUntilTimeout              0x0800552f   Thumb Code   100  stm32f1xx_hal_uart.o(i.UART_WaitOnFlagUntilTimeout)
    i.USART1_IRQHandler                      0x08005594   Section        0  stm32f1xx_it.o(i.USART1_IRQHandler)
    i.USART2_IRQHandler                      0x080055a0   Section        0  stm32f1xx_it.o(i.USART2_IRQHandler)
    i.USART3_IRQHandler                      0x080055ac   Section        0  stm32f1xx_it.o(i.USART3_IRQHandler)
    i.Update_Control                         0x080055b8   Section        0  task_servocontrol.o(i.Update_Control)
    Update_Control                           0x080055b9   Thumb Code   414  task_servocontrol.o(i.Update_Control)
    i.UsageFault_Handler                     0x0800577c   Section        0  stm32f1xx_it.o(i.UsageFault_Handler)
    i.__0printf$bare                         0x08005780   Section        0  printfb.o(i.__0printf$bare)
    i.__ARM_fpclassify                       0x08005790   Section        0  fpclassify.o(i.__ARM_fpclassify)
    i.__NVIC_SetPriority                     0x080057b8   Section        0  stm32f1xx_hal_cortex.o(i.__NVIC_SetPriority)
    __NVIC_SetPriority                       0x080057b9   Thumb Code    32  stm32f1xx_hal_cortex.o(i.__NVIC_SetPriority)
    i.__ieee754_rem_pio2                     0x080057d8   Section        0  rred.o(i.__ieee754_rem_pio2)
    i.__kernel_cos                           0x08005b60   Section        0  cos_i.o(i.__kernel_cos)
    i.__kernel_poly                          0x08005c5c   Section        0  poly.o(i.__kernel_poly)
    i.__kernel_sin                           0x08005d08   Section        0  sin_i.o(i.__kernel_sin)
    i.__mathlib_dbl_divzero                  0x08005df4   Section        0  dunder.o(i.__mathlib_dbl_divzero)
    i.__mathlib_dbl_infnan                   0x08005e04   Section        0  dunder.o(i.__mathlib_dbl_infnan)
    i.__mathlib_dbl_infnan2                  0x08005e0a   Section        0  dunder.o(i.__mathlib_dbl_infnan2)
    i.__mathlib_dbl_invalid                  0x08005e0e   Section        0  dunder.o(i.__mathlib_dbl_invalid)
    i.__mathlib_dbl_overflow                 0x08005e1a   Section        0  dunder.o(i.__mathlib_dbl_overflow)
    i.__mathlib_dbl_underflow                0x08005e28   Section        0  dunder.o(i.__mathlib_dbl_underflow)
    i.__scatterload_copy                     0x08005e38   Section       14  handlers.o(i.__scatterload_copy)
    i.__scatterload_null                     0x08005e46   Section        2  handlers.o(i.__scatterload_null)
    i.__scatterload_zeroinit                 0x08005e48   Section       14  handlers.o(i.__scatterload_zeroinit)
    i.__set_errno                            0x08005e58   Section        0  errno.o(i.__set_errno)
    i._printf_core                           0x08005e64   Section        0  printfb.o(i._printf_core)
    _printf_core                             0x08005e65   Thumb Code    34  printfb.o(i._printf_core)
    i.acos                                   0x08005e88   Section        0  acos.o(i.acos)
    i.asin                                   0x08006104   Section        0  asin.o(i.asin)
    i.atan                                   0x08006374   Section        0  atan.o(i.atan)
    i.atan2                                  0x08006594   Section        0  atan2.o(i.atan2)
    i.cos                                    0x08006714   Section        0  cos.o(i.cos)
    i.fputc                                  0x080067b0   Section        0  main.o(i.fputc)
    i.inHandlerMode                          0x080067c8   Section        0  cmsis_os.o(i.inHandlerMode)
    inHandlerMode                            0x080067c9   Thumb Code    12  cmsis_os.o(i.inHandlerMode)
    i.inverse_kinematics                     0x080067d4   Section        0  inverse_k.o(i.inverse_kinematics)
    i.main                                   0x08006a6c   Section        0  main.o(i.main)
    i.makeFreeRtosPriority                   0x08006ad0   Section        0  cmsis_os.o(i.makeFreeRtosPriority)
    makeFreeRtosPriority                     0x08006ad1   Thumb Code    12  cmsis_os.o(i.makeFreeRtosPriority)
    i.osKernelStart                          0x08006adc   Section        0  cmsis_os.o(i.osKernelStart)
    i.osMailCreate                           0x08006ae8   Section        0  cmsis_os.o(i.osMailCreate)
    i.osMailGet                              0x08006b44   Section        0  cmsis_os.o(i.osMailGet)
    i.osMailPut                              0x08006bd4   Section        0  cmsis_os.o(i.osMailPut)
    i.osPoolCreate                           0x08006c30   Section        0  cmsis_os.o(i.osPoolCreate)
    i.osThreadCreate                         0x08006c8e   Section        0  cmsis_os.o(i.osThreadCreate)
    i.pow                                    0x08006ce4   Section        0  pow.o(i.pow)
    i.prvAddCurrentTaskToDelayedList         0x080076bc   Section        0  tasks.o(i.prvAddCurrentTaskToDelayedList)
    prvAddCurrentTaskToDelayedList           0x080076bd   Thumb Code   102  tasks.o(i.prvAddCurrentTaskToDelayedList)
    i.prvAddNewTaskToReadyList               0x0800772c   Section        0  tasks.o(i.prvAddNewTaskToReadyList)
    prvAddNewTaskToReadyList                 0x0800772d   Thumb Code   194  tasks.o(i.prvAddNewTaskToReadyList)
    i.prvCopyDataFromQueue                   0x080077fc   Section        0  queue.o(i.prvCopyDataFromQueue)
    prvCopyDataFromQueue                     0x080077fd   Thumb Code    38  queue.o(i.prvCopyDataFromQueue)
    i.prvCopyDataToQueue                     0x08007822   Section        0  queue.o(i.prvCopyDataToQueue)
    prvCopyDataToQueue                       0x08007823   Thumb Code   108  queue.o(i.prvCopyDataToQueue)
    i.prvDeleteTCB                           0x0800788e   Section        0  tasks.o(i.prvDeleteTCB)
    prvDeleteTCB                             0x0800788f   Thumb Code    52  tasks.o(i.prvDeleteTCB)
    i.prvHeapInit                            0x080078c4   Section        0  heap_4.o(i.prvHeapInit)
    prvHeapInit                              0x080078c5   Thumb Code    66  heap_4.o(i.prvHeapInit)
    i.prvIdleTask                            0x08007910   Section        0  tasks.o(i.prvIdleTask)
    prvIdleTask                              0x08007911   Thumb Code    82  tasks.o(i.prvIdleTask)
    i.prvInitialiseNewQueue                  0x08007970   Section        0  queue.o(i.prvInitialiseNewQueue)
    prvInitialiseNewQueue                    0x08007971   Thumb Code    22  queue.o(i.prvInitialiseNewQueue)
    i.prvInitialiseNewTask                   0x08007986   Section        0  tasks.o(i.prvInitialiseNewTask)
    prvInitialiseNewTask                     0x08007987   Thumb Code   142  tasks.o(i.prvInitialiseNewTask)
    i.prvInsertBlockIntoFreeList             0x08007a14   Section        0  heap_4.o(i.prvInsertBlockIntoFreeList)
    prvInsertBlockIntoFreeList               0x08007a15   Thumb Code    72  heap_4.o(i.prvInsertBlockIntoFreeList)
    i.prvIsQueueEmpty                        0x08007a60   Section        0  queue.o(i.prvIsQueueEmpty)
    prvIsQueueEmpty                          0x08007a61   Thumb Code    28  queue.o(i.prvIsQueueEmpty)
    i.prvResetNextTaskUnblockTime            0x08007a7c   Section        0  tasks.o(i.prvResetNextTaskUnblockTime)
    prvResetNextTaskUnblockTime              0x08007a7d   Thumb Code    26  tasks.o(i.prvResetNextTaskUnblockTime)
    i.prvTaskExitError                       0x08007a9c   Section        0  port.o(i.prvTaskExitError)
    prvTaskExitError                         0x08007a9d   Thumb Code    36  port.o(i.prvTaskExitError)
    i.prvUnlockQueue                         0x08007ac4   Section        0  queue.o(i.prvUnlockQueue)
    prvUnlockQueue                           0x08007ac5   Thumb Code   106  queue.o(i.prvUnlockQueue)
    i.pvPortMalloc                           0x08007b30   Section        0  heap_4.o(i.pvPortMalloc)
    i.pxPortInitialiseStack                  0x08007c08   Section        0  port.o(i.pxPortInitialiseStack)
    i.sin                                    0x08007c2c   Section        0  sin.o(i.sin)
    i.sqrt                                   0x08007ccc   Section        0  sqrt.o(i.sqrt)
    i.uxListRemove                           0x08007d18   Section        0  list.o(i.uxListRemove)
    i.vApplicationGetIdleTaskMemory          0x08007d40   Section        0  freertos.o(i.vApplicationGetIdleTaskMemory)
    i.vListInitialise                        0x08007d54   Section        0  list.o(i.vListInitialise)
    i.vListInitialiseItem                    0x08007d6a   Section        0  list.o(i.vListInitialiseItem)
    i.vListInsert                            0x08007d70   Section        0  list.o(i.vListInsert)
    i.vListInsertEnd                         0x08007da0   Section        0  list.o(i.vListInsertEnd)
    i.vPortEnterCritical                     0x08007db8   Section        0  port.o(i.vPortEnterCritical)
    i.vPortExitCritical                      0x08007df8   Section        0  port.o(i.vPortExitCritical)
    i.vPortFree                              0x08007e20   Section        0  heap_4.o(i.vPortFree)
    i.vPortSetupTimerInterrupt               0x08007e7c   Section        0  port.o(i.vPortSetupTimerInterrupt)
    i.vPortValidateInterruptPriority         0x08007ea0   Section        0  port.o(i.vPortValidateInterruptPriority)
    i.vTaskDelayUntil                        0x08007ef4   Section        0  tasks.o(i.vTaskDelayUntil)
    i.vTaskDelete                            0x08007f80   Section        0  tasks.o(i.vTaskDelete)
    i.vTaskInternalSetTimeOutState           0x0800802c   Section        0  tasks.o(i.vTaskInternalSetTimeOutState)
    i.vTaskMissedYield                       0x0800803c   Section        0  tasks.o(i.vTaskMissedYield)
    i.vTaskPlaceOnEventList                  0x08008048   Section        0  tasks.o(i.vTaskPlaceOnEventList)
    i.vTaskStartScheduler                    0x08008078   Section        0  tasks.o(i.vTaskStartScheduler)
    i.vTaskSuspendAll                        0x080080e4   Section        0  tasks.o(i.vTaskSuspendAll)
    i.vTaskSwitchContext                     0x080080f4   Section        0  tasks.o(i.vTaskSwitchContext)
    i.xPortStartScheduler                    0x08008150   Section        0  port.o(i.xPortStartScheduler)
    i.xQueueGenericCreate                    0x080081f8   Section        0  queue.o(i.xQueueGenericCreate)
    i.xQueueGenericReset                     0x08008240   Section        0  queue.o(i.xQueueGenericReset)
    i.xQueueGenericSend                      0x080082c8   Section        0  queue.o(i.xQueueGenericSend)
    i.xQueueGenericSendFromISR               0x08008428   Section        0  queue.o(i.xQueueGenericSendFromISR)
    i.xQueueReceive                          0x080084e4   Section        0  queue.o(i.xQueueReceive)
    i.xQueueReceiveFromISR                   0x0800861c   Section        0  queue.o(i.xQueueReceiveFromISR)
    i.xTaskCheckForTimeOut                   0x080086b8   Section        0  tasks.o(i.xTaskCheckForTimeOut)
    i.xTaskCreate                            0x0800872c   Section        0  tasks.o(i.xTaskCreate)
    i.xTaskCreateStatic                      0x08008786   Section        0  tasks.o(i.xTaskCreateStatic)
    i.xTaskGetSchedulerState                 0x080087dc   Section        0  tasks.o(i.xTaskGetSchedulerState)
    i.xTaskGetTickCount                      0x080087f8   Section        0  tasks.o(i.xTaskGetTickCount)
    i.xTaskIncrementTick                     0x08008804   Section        0  tasks.o(i.xTaskIncrementTick)
    i.xTaskPriorityDisinherit                0x080088cc   Section        0  tasks.o(i.xTaskPriorityDisinherit)
    i.xTaskRemoveFromEventList               0x08008964   Section        0  tasks.o(i.xTaskRemoveFromEventList)
    i.xTaskResumeAll                         0x080089d8   Section        0  tasks.o(i.xTaskResumeAll)
    .constdata                               0x08008a9c   Section      136  freertos.o(.constdata)
    .constdata                               0x08008b24   Section       16  system_stm32f1xx.o(.constdata)
    .constdata                               0x08008b34   Section        8  system_stm32f1xx.o(.constdata)
    .constdata                               0x08008b3c   Section      108  inverse_k.o(.constdata)
    .constdata                               0x08008ba8   Section       80  acos.o(.constdata)
    pS                                       0x08008ba8   Data          48  acos.o(.constdata)
    qS                                       0x08008bd8   Data          32  acos.o(.constdata)
    .constdata                               0x08008bf8   Section       80  asin.o(.constdata)
    pS                                       0x08008bf8   Data          48  asin.o(.constdata)
    qS                                       0x08008c28   Data          32  asin.o(.constdata)
    .constdata                               0x08008c48   Section      136  pow.o(.constdata)
    bp                                       0x08008c48   Data          16  pow.o(.constdata)
    dp_h                                     0x08008c58   Data          16  pow.o(.constdata)
    dp_l                                     0x08008c68   Data          16  pow.o(.constdata)
    L                                        0x08008c78   Data          48  pow.o(.constdata)
    P                                        0x08008ca8   Data          40  pow.o(.constdata)
    .constdata                               0x08008cd0   Section      152  atan.o(.constdata)
    atanhi                                   0x08008cd0   Data          32  atan.o(.constdata)
    atanlo                                   0x08008cf0   Data          32  atan.o(.constdata)
    aTodd                                    0x08008d10   Data          40  atan.o(.constdata)
    aTeven                                   0x08008d38   Data          48  atan.o(.constdata)
    .constdata                               0x08008d68   Section       48  cos_i.o(.constdata)
    C                                        0x08008d68   Data          48  cos_i.o(.constdata)
    .constdata                               0x08008d98   Section        8  qnan.o(.constdata)
    .constdata                               0x08008da0   Section      200  rred.o(.constdata)
    pio2s                                    0x08008da0   Data          48  rred.o(.constdata)
    twooverpi                                0x08008dd0   Data         152  rred.o(.constdata)
    .constdata                               0x08008e68   Section       40  sin_i.o(.constdata)
    S                                        0x08008e68   Data          40  sin_i.o(.constdata)
    .conststring                             0x08008e90   Section       50  freertos.o(.conststring)
    .data                                    0x20000000   Section        8  task_statemachine.o(.data)
    .data                                    0x20000008   Section       48  task_servocontrol.o(.data)
    x                                        0x20000008   Data           4  task_servocontrol.o(.data)
    y                                        0x2000000c   Data           4  task_servocontrol.o(.data)
    z                                        0x20000010   Data           4  task_servocontrol.o(.data)
    P                                        0x20000014   Data           4  task_servocontrol.o(.data)
    R                                        0x20000018   Data           4  task_servocontrol.o(.data)
    Y                                        0x2000001c   Data           4  task_servocontrol.o(.data)
    time                                     0x20000020   Data           4  task_servocontrol.o(.data)
    GaitTransition_flag                      0x20000024   Data           4  task_servocontrol.o(.data)
    err_P                                    0x20000028   Data           4  task_servocontrol.o(.data)
    err_last_P                               0x2000002c   Data           4  task_servocontrol.o(.data)
    err_R                                    0x20000030   Data           4  task_servocontrol.o(.data)
    err_last_R                               0x20000034   Data           4  task_servocontrol.o(.data)
    .data                                    0x20000038   Section       12  task_imu.o(.data)
    t                                        0x2000003c   Data           4  task_imu.o(.data)
    .data                                    0x20000044   Section        2  main.o(.data)
    .data                                    0x20000048   Section       24  freertos.o(.data)
    .data                                    0x20000060   Section       12  stm32f1xx_hal.o(.data)
    .data                                    0x2000006c   Section        4  system_stm32f1xx.o(.data)
    .data                                    0x20000070   Section       60  tasks.o(.data)
    pxDelayedTaskList                        0x20000074   Data           4  tasks.o(.data)
    pxOverflowDelayedTaskList                0x20000078   Data           4  tasks.o(.data)
    uxDeletedTasksWaitingCleanUp             0x2000007c   Data           4  tasks.o(.data)
    uxCurrentNumberOfTasks                   0x20000080   Data           4  tasks.o(.data)
    xTickCount                               0x20000084   Data           4  tasks.o(.data)
    uxTopReadyPriority                       0x20000088   Data           4  tasks.o(.data)
    xSchedulerRunning                        0x2000008c   Data           4  tasks.o(.data)
    uxPendedTicks                            0x20000090   Data           4  tasks.o(.data)
    xYieldPending                            0x20000094   Data           4  tasks.o(.data)
    xNumOfOverflows                          0x20000098   Data           4  tasks.o(.data)
    uxTaskNumber                             0x2000009c   Data           4  tasks.o(.data)
    xNextTaskUnblockTime                     0x200000a0   Data           4  tasks.o(.data)
    xIdleTaskHandle                          0x200000a4   Data           4  tasks.o(.data)
    uxSchedulerSuspended                     0x200000a8   Data           4  tasks.o(.data)
    .data                                    0x200000ac   Section       24  heap_4.o(.data)
    pxEnd                                    0x200000ac   Data           4  heap_4.o(.data)
    xFreeBytesRemaining                      0x200000b0   Data           4  heap_4.o(.data)
    xMinimumEverFreeBytesRemaining           0x200000b4   Data           4  heap_4.o(.data)
    xBlockAllocatedBit                       0x200000b8   Data           4  heap_4.o(.data)
    xStart                                   0x200000bc   Data           8  heap_4.o(.data)
    .data                                    0x200000c4   Section       12  port.o(.data)
    ucMaxSysCallPriority                     0x200000c4   Data           1  port.o(.data)
    uxCriticalNesting                        0x200000c8   Data           4  port.o(.data)
    ulMaxPRIGROUPValue                       0x200000cc   Data           4  port.o(.data)
    .data                                    0x200000d0   Section        4  stdout.o(.data)
    .data                                    0x200000d4   Section        4  errno.o(.data)
    _errno                                   0x200000d4   Data           4  errno.o(.data)
    .bss                                     0x200000d8   Section       12  task_statemachine.o(.bss)
    .bss                                     0x200000e4   Section       24  task_servocontrol.o(.bss)
    .bss                                     0x200000fc   Section       48  task_imu.o(.bss)
    .bss                                     0x2000012c   Section       92  main.o(.bss)
    Temp                                     0x2000015f   Data          11  main.o(.bss)
    Temp2                                    0x20000174   Data          10  main.o(.bss)
    .bss                                     0x20000188   Section      596  freertos.o(.bss)
    xIdleTaskTCBBuffer                       0x20000188   Data          84  freertos.o(.bss)
    xIdleStack                               0x200001dc   Data         512  freertos.o(.bss)
    .bss                                     0x200003dc   Section      256  tim.o(.bss)
    .bss                                     0x200004dc   Section      256  usart.o(.bss)
    .bss                                     0x200005dc   Section       64  stm32f1xx_hal_timebase_tim.o(.bss)
    .bss                                     0x2000061c   Section      240  tasks.o(.bss)
    pxReadyTasksLists                        0x2000061c   Data         140  tasks.o(.bss)
    xDelayedTaskList1                        0x200006a8   Data          20  tasks.o(.bss)
    xDelayedTaskList2                        0x200006bc   Data          20  tasks.o(.bss)
    xPendingReadyList                        0x200006d0   Data          20  tasks.o(.bss)
    xTasksWaitingTermination                 0x200006e4   Data          20  tasks.o(.bss)
    xSuspendedTaskList                       0x200006f8   Data          20  tasks.o(.bss)
    .bss                                     0x2000070c   Section     3072  heap_4.o(.bss)
    ucHeap                                   0x2000070c   Data        3072  heap_4.o(.bss)
    .bss                                     0x2000130c   Section       48  inverse_k.o(.bss)
    STACK                                    0x20001340   Section     1024  startup_stm32f103xe.o(STACK)

    Global Symbols

    Symbol Name                              Value     Ov Type        Size  Object(Section)

    BuildAttributes$$THM_ISAv4$P$D$K$B$S$PE$A:L22UL41UL21$X:L11$S22US41US21$IEEE1$IW$USESV6$~STKCKD$USESV7$~SHL$OTIME$ROPI$IEEEX$EBA8$MICROLIB$REQ8$PRES8$EABIv2 0x00000000   Number         0  anon$$obj.o ABSOLUTE
    __ARM_use_no_argv                        0x00000000   Number         0  main.o ABSOLUTE
    __cpp_initialize__aeabi_                  - Undefined Weak Reference
    __cxa_finalize                            - Undefined Weak Reference
    __decompress                              - Undefined Weak Reference
    _clock_init                               - Undefined Weak Reference
    _microlib_exit                            - Undefined Weak Reference
    __Vectors_Size                           0x00000130   Number         0  startup_stm32f103xe.o ABSOLUTE
    __Vectors                                0x08000000   Data           4  startup_stm32f103xe.o(RESET)
    __Vectors_End                            0x08000130   Data           0  startup_stm32f103xe.o(RESET)
    __main                                   0x08000131   Thumb Code     0  entry.o(.ARM.Collect$$$$00000000)
    _main_stk                                0x08000131   Thumb Code     0  entry2.o(.ARM.Collect$$$$00000001)
    _main_scatterload                        0x08000135   Thumb Code     0  entry5.o(.ARM.Collect$$$$00000004)
    __main_after_scatterload                 0x08000139   Thumb Code     0  entry5.o(.ARM.Collect$$$$00000004)
    _main_clock                              0x08000139   Thumb Code     0  entry7b.o(.ARM.Collect$$$$00000008)
    _main_cpp_init                           0x08000139   Thumb Code     0  entry8b.o(.ARM.Collect$$$$0000000A)
    _main_init                               0x08000139   Thumb Code     0  entry9a.o(.ARM.Collect$$$$0000000B)
    __rt_final_cpp                           0x08000141   Thumb Code     0  entry10a.o(.ARM.Collect$$$$0000000D)
    __rt_final_exit                          0x08000141   Thumb Code     0  entry11a.o(.ARM.Collect$$$$0000000F)
    SVC_Handler                              0x08000145   Thumb Code    32  port.o(.emb_text)
    __asm___6_port_c_39a90d8d__prvStartFirstTask 0x08000169   Thumb Code    28  port.o(.emb_text)
    PendSV_Handler                           0x08000189   Thumb Code    72  port.o(.emb_text)
    vPortGetIPSR                             0x080001d5   Thumb Code     6  port.o(.emb_text)
    Reset_Handler                            0x080001dd   Thumb Code     8  startup_stm32f103xe.o(.text)
    ADC1_2_IRQHandler                        0x080001f7   Thumb Code     0  startup_stm32f103xe.o(.text)
    ADC3_IRQHandler                          0x080001f7   Thumb Code     0  startup_stm32f103xe.o(.text)
    CAN1_RX1_IRQHandler                      0x080001f7   Thumb Code     0  startup_stm32f103xe.o(.text)
    CAN1_SCE_IRQHandler                      0x080001f7   Thumb Code     0  startup_stm32f103xe.o(.text)
    DMA1_Channel1_IRQHandler                 0x080001f7   Thumb Code     0  startup_stm32f103xe.o(.text)
    DMA1_Channel2_IRQHandler                 0x080001f7   Thumb Code     0  startup_stm32f103xe.o(.text)
    DMA1_Channel3_IRQHandler                 0x080001f7   Thumb Code     0  startup_stm32f103xe.o(.text)
    DMA1_Channel4_IRQHandler                 0x080001f7   Thumb Code     0  startup_stm32f103xe.o(.text)
    DMA1_Channel5_IRQHandler                 0x080001f7   Thumb Code     0  startup_stm32f103xe.o(.text)
    DMA1_Channel6_IRQHandler                 0x080001f7   Thumb Code     0  startup_stm32f103xe.o(.text)
    DMA1_Channel7_IRQHandler                 0x080001f7   Thumb Code     0  startup_stm32f103xe.o(.text)
    DMA2_Channel1_IRQHandler                 0x080001f7   Thumb Code     0  startup_stm32f103xe.o(.text)
    DMA2_Channel2_IRQHandler                 0x080001f7   Thumb Code     0  startup_stm32f103xe.o(.text)
    DMA2_Channel3_IRQHandler                 0x080001f7   Thumb Code     0  startup_stm32f103xe.o(.text)
    DMA2_Channel4_5_IRQHandler               0x080001f7   Thumb Code     0  startup_stm32f103xe.o(.text)
    EXTI0_IRQHandler                         0x080001f7   Thumb Code     0  startup_stm32f103xe.o(.text)
    EXTI15_10_IRQHandler                     0x080001f7   Thumb Code     0  startup_stm32f103xe.o(.text)
    EXTI1_IRQHandler                         0x080001f7   Thumb Code     0  startup_stm32f103xe.o(.text)
    EXTI2_IRQHandler                         0x080001f7   Thumb Code     0  startup_stm32f103xe.o(.text)
    EXTI3_IRQHandler                         0x080001f7   Thumb Code     0  startup_stm32f103xe.o(.text)
    EXTI4_IRQHandler                         0x080001f7   Thumb Code     0  startup_stm32f103xe.o(.text)
    EXTI9_5_IRQHandler                       0x080001f7   Thumb Code     0  startup_stm32f103xe.o(.text)
    FLASH_IRQHandler                         0x080001f7   Thumb Code     0  startup_stm32f103xe.o(.text)
    FSMC_IRQHandler                          0x080001f7   Thumb Code     0  startup_stm32f103xe.o(.text)
    I2C1_ER_IRQHandler                       0x080001f7   Thumb Code     0  startup_stm32f103xe.o(.text)
    I2C1_EV_IRQHandler                       0x080001f7   Thumb Code     0  startup_stm32f103xe.o(.text)
    I2C2_ER_IRQHandler                       0x080001f7   Thumb Code     0  startup_stm32f103xe.o(.text)
    I2C2_EV_IRQHandler                       0x080001f7   Thumb Code     0  startup_stm32f103xe.o(.text)
    PVD_IRQHandler                           0x080001f7   Thumb Code     0  startup_stm32f103xe.o(.text)
    RCC_IRQHandler                           0x080001f7   Thumb Code     0  startup_stm32f103xe.o(.text)
    RTC_Alarm_IRQHandler                     0x080001f7   Thumb Code     0  startup_stm32f103xe.o(.text)
    RTC_IRQHandler                           0x080001f7   Thumb Code     0  startup_stm32f103xe.o(.text)
    SDIO_IRQHandler                          0x080001f7   Thumb Code     0  startup_stm32f103xe.o(.text)
    SPI1_IRQHandler                          0x080001f7   Thumb Code     0  startup_stm32f103xe.o(.text)
    SPI2_IRQHandler                          0x080001f7   Thumb Code     0  startup_stm32f103xe.o(.text)
    SPI3_IRQHandler                          0x080001f7   Thumb Code     0  startup_stm32f103xe.o(.text)
    TAMPER_IRQHandler                        0x080001f7   Thumb Code     0  startup_stm32f103xe.o(.text)
    TIM1_BRK_IRQHandler                      0x080001f7   Thumb Code     0  startup_stm32f103xe.o(.text)
    TIM1_CC_IRQHandler                       0x080001f7   Thumb Code     0  startup_stm32f103xe.o(.text)
    TIM1_TRG_COM_IRQHandler                  0x080001f7   Thumb Code     0  startup_stm32f103xe.o(.text)
    TIM1_UP_IRQHandler                       0x080001f7   Thumb Code     0  startup_stm32f103xe.o(.text)
    TIM2_IRQHandler                          0x080001f7   Thumb Code     0  startup_stm32f103xe.o(.text)
    TIM3_IRQHandler                          0x080001f7   Thumb Code     0  startup_stm32f103xe.o(.text)
    TIM4_IRQHandler                          0x080001f7   Thumb Code     0  startup_stm32f103xe.o(.text)
    TIM5_IRQHandler                          0x080001f7   Thumb Code     0  startup_stm32f103xe.o(.text)
    TIM6_IRQHandler                          0x080001f7   Thumb Code     0  startup_stm32f103xe.o(.text)
    TIM7_IRQHandler                          0x080001f7   Thumb Code     0  startup_stm32f103xe.o(.text)
    TIM8_BRK_IRQHandler                      0x080001f7   Thumb Code     0  startup_stm32f103xe.o(.text)
    TIM8_CC_IRQHandler                       0x080001f7   Thumb Code     0  startup_stm32f103xe.o(.text)
    TIM8_TRG_COM_IRQHandler                  0x080001f7   Thumb Code     0  startup_stm32f103xe.o(.text)
    UART5_IRQHandler                         0x080001f7   Thumb Code     0  startup_stm32f103xe.o(.text)
    USBWakeUp_IRQHandler                     0x080001f7   Thumb Code     0  startup_stm32f103xe.o(.text)
    USB_HP_CAN1_TX_IRQHandler                0x080001f7   Thumb Code     0  startup_stm32f103xe.o(.text)
    USB_LP_CAN1_RX0_IRQHandler               0x080001f7   Thumb Code     0  startup_stm32f103xe.o(.text)
    WWDG_IRQHandler                          0x080001f7   Thumb Code     0  startup_stm32f103xe.o(.text)
    __aeabi_llsr                             0x08000201   Thumb Code    32  llushr.o(.text)
    _ll_ushift_r                             0x08000201   Thumb Code     0  llushr.o(.text)
    __aeabi_memcpy                           0x08000221   Thumb Code    36  memcpya.o(.text)
    __aeabi_memcpy4                          0x08000221   Thumb Code     0  memcpya.o(.text)
    __aeabi_memcpy8                          0x08000221   Thumb Code     0  memcpya.o(.text)
    __aeabi_memset                           0x08000245   Thumb Code    14  memseta.o(.text)
    __aeabi_memset4                          0x08000245   Thumb Code     0  memseta.o(.text)
    __aeabi_memset8                          0x08000245   Thumb Code     0  memseta.o(.text)
    __aeabi_memclr                           0x08000253   Thumb Code     4  memseta.o(.text)
    __aeabi_memclr4                          0x08000253   Thumb Code     0  memseta.o(.text)
    __aeabi_memclr8                          0x08000253   Thumb Code     0  memseta.o(.text)
    memset                                   0x08000257   Thumb Code    18  memseta.o(.text)
    __aeabi_fadd                             0x08000269   Thumb Code   164  fadd.o(.text)
    __aeabi_fsub                             0x0800030d   Thumb Code     6  fadd.o(.text)
    __aeabi_frsub                            0x08000313   Thumb Code     6  fadd.o(.text)
    __aeabi_fmul                             0x08000319   Thumb Code   100  fmul.o(.text)
    __aeabi_fdiv                             0x0800037d   Thumb Code   124  fdiv.o(.text)
    __aeabi_dadd                             0x080003f9   Thumb Code   322  dadd.o(.text)
    __aeabi_dsub                             0x0800053b   Thumb Code     6  dadd.o(.text)
    __aeabi_drsub                            0x08000541   Thumb Code     6  dadd.o(.text)
    __aeabi_dmul                             0x08000547   Thumb Code   228  dmul.o(.text)
    __aeabi_ddiv                             0x0800062b   Thumb Code   222  ddiv.o(.text)
    __ARM_scalbn                             0x08000709   Thumb Code    46  dscalb.o(.text)
    scalbn                                   0x08000709   Thumb Code     0  dscalb.o(.text)
    __aeabi_i2d                              0x08000737   Thumb Code    34  dflti.o(.text)
    __aeabi_f2uiz                            0x08000759   Thumb Code    40  ffixui.o(.text)
    __aeabi_f2d                              0x08000781   Thumb Code    38  f2d.o(.text)
    __aeabi_d2f                              0x080007a7   Thumb Code    56  d2f.o(.text)
    __aeabi_llsl                             0x080007df   Thumb Code    30  llshl.o(.text)
    _ll_shift_l                              0x080007df   Thumb Code     0  llshl.o(.text)
    __aeabi_lasr                             0x080007fd   Thumb Code    36  llsshr.o(.text)
    _ll_sshift_r                             0x080007fd   Thumb Code     0  llsshr.o(.text)
    __I$use$fp                               0x08000821   Thumb Code     0  iusefp.o(.text)
    _float_round                             0x08000821   Thumb Code    18  fepilogue.o(.text)
    _float_epilogue                          0x08000833   Thumb Code    92  fepilogue.o(.text)
    _double_round                            0x0800088f   Thumb Code    30  depilogue.o(.text)
    _double_epilogue                         0x080008ad   Thumb Code   156  depilogue.o(.text)
    _dsqrt                                   0x08000949   Thumb Code   162  dsqrt.o(.text)
    __aeabi_cdrcmple                         0x080009ed   Thumb Code    48  cdrcmple.o(.text)
    __scatterload                            0x08000a1d   Thumb Code    28  init.o(.text)
    __scatterload_rt2                        0x08000a1d   Thumb Code     0  init.o(.text)
    __aeabi_ui2d                             0x08000a41   Thumb Code    26  dfltui.o(.text)
    __aeabi_d2iz                             0x08000a5b   Thumb Code    62  dfixi.o(.text)
    BusFault_Handler                         0x08000b01   Thumb Code     2  stm32f1xx_it.o(i.BusFault_Handler)
    DebugMon_Handler                         0x08000b03   Thumb Code     2  stm32f1xx_it.o(i.DebugMon_Handler)
    Error_Handler                            0x08000b05   Thumb Code     2  main.o(i.Error_Handler)
    GetGaitMode                              0x08000b09   Thumb Code     6  task_statemachine.o(i.GetGaitMode)
    GetMainState                             0x08000b15   Thumb Code     6  task_statemachine.o(i.GetMainState)
    HAL_DMA_Abort_IT                         0x08000b21   Thumb Code   296  stm32f1xx_hal_dma.o(i.HAL_DMA_Abort_IT)
    HAL_Delay                                0x08000c51   Thumb Code    32  stm32f1xx_hal.o(i.HAL_Delay)
    HAL_GPIO_Init                            0x08000c75   Thumb Code   462  stm32f1xx_hal_gpio.o(i.HAL_GPIO_Init)
    HAL_GPIO_TogglePin                       0x08000e6d   Thumb Code    14  stm32f1xx_hal_gpio.o(i.HAL_GPIO_TogglePin)
    HAL_GPIO_WritePin                        0x08000e7b   Thumb Code    10  stm32f1xx_hal_gpio.o(i.HAL_GPIO_WritePin)
    HAL_GetTick                              0x08000e85   Thumb Code     6  stm32f1xx_hal.o(i.HAL_GetTick)
    HAL_IncTick                              0x08000e91   Thumb Code    12  stm32f1xx_hal.o(i.HAL_IncTick)
    HAL_Init                                 0x08000ea1   Thumb Code    32  stm32f1xx_hal.o(i.HAL_Init)
    HAL_InitTick                             0x08000ec5   Thumb Code    98  stm32f1xx_hal_timebase_tim.o(i.HAL_InitTick)
    HAL_MspInit                              0x08000f39   Thumb Code    62  stm32f1xx_hal_msp.o(i.HAL_MspInit)
    HAL_NVIC_EnableIRQ                       0x08000f81   Thumb Code    26  stm32f1xx_hal_cortex.o(i.HAL_NVIC_EnableIRQ)
    HAL_NVIC_SetPriority                     0x08000f9d   Thumb Code    60  stm32f1xx_hal_cortex.o(i.HAL_NVIC_SetPriority)
    HAL_NVIC_SetPriorityGrouping             0x08000fdd   Thumb Code    26  stm32f1xx_hal_cortex.o(i.HAL_NVIC_SetPriorityGrouping)
    HAL_RCC_ClockConfig                      0x08001001   Thumb Code   280  stm32f1xx_hal_rcc.o(i.HAL_RCC_ClockConfig)
    HAL_RCC_GetClockConfig                   0x0800112d   Thumb Code    54  stm32f1xx_hal_rcc.o(i.HAL_RCC_GetClockConfig)
    HAL_RCC_GetPCLK1Freq                     0x0800116d   Thumb Code    20  stm32f1xx_hal_rcc.o(i.HAL_RCC_GetPCLK1Freq)
    HAL_RCC_GetPCLK2Freq                     0x0800118d   Thumb Code    20  stm32f1xx_hal_rcc.o(i.HAL_RCC_GetPCLK2Freq)
    HAL_RCC_GetSysClockFreq                  0x080011ad   Thumb Code    74  stm32f1xx_hal_rcc.o(i.HAL_RCC_GetSysClockFreq)
    HAL_RCC_OscConfig                        0x08001219   Thumb Code   778  stm32f1xx_hal_rcc.o(i.HAL_RCC_OscConfig)
    HAL_TIMEx_BreakCallback                  0x08001539   Thumb Code     2  stm32f1xx_hal_tim_ex.o(i.HAL_TIMEx_BreakCallback)
    HAL_TIMEx_CommutCallback                 0x0800153b   Thumb Code     2  stm32f1xx_hal_tim_ex.o(i.HAL_TIMEx_CommutCallback)
    HAL_TIMEx_ConfigBreakDeadTime            0x0800153d   Thumb Code    84  stm32f1xx_hal_tim_ex.o(i.HAL_TIMEx_ConfigBreakDeadTime)
    HAL_TIMEx_MasterConfigSynchronization    0x08001591   Thumb Code    66  stm32f1xx_hal_tim_ex.o(i.HAL_TIMEx_MasterConfigSynchronization)
    HAL_TIM_Base_Init                        0x080015d3   Thumb Code    54  stm32f1xx_hal_tim.o(i.HAL_TIM_Base_Init)
    HAL_TIM_Base_MspInit                     0x08001609   Thumb Code    96  tim.o(i.HAL_TIM_Base_MspInit)
    HAL_TIM_Base_Start_IT                    0x08001679   Thumb Code    34  stm32f1xx_hal_tim.o(i.HAL_TIM_Base_Start_IT)
    HAL_TIM_ConfigClockSource                0x0800169b   Thumb Code   214  stm32f1xx_hal_tim.o(i.HAL_TIM_ConfigClockSource)
    HAL_TIM_IC_CaptureCallback               0x08001771   Thumb Code     2  stm32f1xx_hal_tim.o(i.HAL_TIM_IC_CaptureCallback)
    HAL_TIM_IRQHandler                       0x08001773   Thumb Code   358  stm32f1xx_hal_tim.o(i.HAL_TIM_IRQHandler)
    HAL_TIM_MspPostInit                      0x080018d9   Thumb Code   242  tim.o(i.HAL_TIM_MspPostInit)
    HAL_TIM_OC_DelayElapsedCallback          0x080019f1   Thumb Code     2  stm32f1xx_hal_tim.o(i.HAL_TIM_OC_DelayElapsedCallback)
    HAL_TIM_PWM_ConfigChannel                0x080019f3   Thumb Code   208  stm32f1xx_hal_tim.o(i.HAL_TIM_PWM_ConfigChannel)
    HAL_TIM_PWM_Init                         0x08001ac3   Thumb Code    54  stm32f1xx_hal_tim.o(i.HAL_TIM_PWM_Init)
    HAL_TIM_PWM_MspInit                      0x08001af9   Thumb Code     2  stm32f1xx_hal_tim.o(i.HAL_TIM_PWM_MspInit)
    HAL_TIM_PWM_PulseFinishedCallback        0x08001afb   Thumb Code     2  stm32f1xx_hal_tim.o(i.HAL_TIM_PWM_PulseFinishedCallback)
    HAL_TIM_PWM_Start                        0x08001afd   Thumb Code    58  stm32f1xx_hal_tim.o(i.HAL_TIM_PWM_Start)
    HAL_TIM_PeriodElapsedCallback            0x08001b41   Thumb Code    14  main.o(i.HAL_TIM_PeriodElapsedCallback)
    HAL_TIM_TriggerCallback                  0x08001b55   Thumb Code     2  stm32f1xx_hal_tim.o(i.HAL_TIM_TriggerCallback)
    HAL_UART_ErrorCallback                   0x08001b57   Thumb Code     2  stm32f1xx_hal_uart.o(i.HAL_UART_ErrorCallback)
    HAL_UART_IRQHandler                      0x08001b59   Thumb Code   266  stm32f1xx_hal_uart.o(i.HAL_UART_IRQHandler)
    HAL_UART_Init                            0x08001c69   Thumb Code    98  stm32f1xx_hal_uart.o(i.HAL_UART_Init)
    HAL_UART_MspInit                         0x08001ccd   Thumb Code   380  usart.o(i.HAL_UART_MspInit)
    HAL_UART_Receive_IT                      0x08001e71   Thumb Code    82  stm32f1xx_hal_uart.o(i.HAL_UART_Receive_IT)
    HAL_UART_RxCpltCallback                  0x08001ec5   Thumb Code   214  main.o(i.HAL_UART_RxCpltCallback)
    HAL_UART_Transmit                        0x08001fc5   Thumb Code   186  stm32f1xx_hal_uart.o(i.HAL_UART_Transmit)
    HAL_UART_TxCpltCallback                  0x0800207f   Thumb Code     2  stm32f1xx_hal_uart.o(i.HAL_UART_TxCpltCallback)
    HardFault_Handler                        0x08002081   Thumb Code     2  stm32f1xx_it.o(i.HardFault_Handler)
    Leg_Position_Vector                      0x08002119   Thumb Code   828  inverse_k.o(i.Leg_Position_Vector)
    MX_FREERTOS_Init                         0x08002699   Thumb Code   144  freertos.o(i.MX_FREERTOS_Init)
    MX_GPIO_Init                             0x08002731   Thumb Code   170  gpio.o(i.MX_GPIO_Init)
    MX_TIM1_Init                             0x080027e9   Thumb Code   226  tim.o(i.MX_TIM1_Init)
    MX_TIM2_Init                             0x080028d5   Thumb Code   180  tim.o(i.MX_TIM2_Init)
    MX_TIM3_Init                             0x0800298d   Thumb Code   178  tim.o(i.MX_TIM3_Init)
    MX_TIM4_Init                             0x08002a49   Thumb Code   178  tim.o(i.MX_TIM4_Init)
    MX_UART4_Init                            0x08002b05   Thumb Code    48  usart.o(i.MX_UART4_Init)
    MX_USART1_UART_Init                      0x08002b3d   Thumb Code    48  usart.o(i.MX_USART1_UART_Init)
    MX_USART2_UART_Init                      0x08002b75   Thumb Code    48  usart.o(i.MX_USART2_UART_Init)
    MX_USART3_UART_Init                      0x08002bad   Thumb Code    48  usart.o(i.MX_USART3_UART_Init)
    MemManage_Handler                        0x08002c45   Thumb Code     2  stm32f1xx_it.o(i.MemManage_Handler)
    NMI_Handler                              0x08002c47   Thumb Code     2  stm32f1xx_it.o(i.NMI_Handler)
    SupportingStatus_Trajectory              0x0800316d   Thumb Code  2960  inverse_k.o(i.SupportingStatus_Trajectory)
    SwayStatus_Trajectory                    0x08003d29   Thumb Code  3830  inverse_k.o(i.SwayStatus_Trajectory)
    SysTick_Handler                          0x08004c4d   Thumb Code    38  port.o(i.SysTick_Handler)
    SystemClock_Config                       0x08004c79   Thumb Code    78  main.o(i.SystemClock_Config)
    SystemInit                               0x08004cc9   Thumb Code    56  system_stm32f1xx.o(i.SystemInit)
    TIM8_UP_IRQHandler                       0x08004d11   Thumb Code     6  stm32f1xx_it.o(i.TIM8_UP_IRQHandler)
    TIM_Base_SetConfig                       0x08004d1d   Thumb Code   120  stm32f1xx_hal_tim.o(i.TIM_Base_SetConfig)
    TIM_CCxChannelCmd                        0x08004da9   Thumb Code    26  stm32f1xx_hal_tim.o(i.TIM_CCxChannelCmd)
    TIM_ETR_SetConfig                        0x08004dc3   Thumb Code    20  stm32f1xx_hal_tim.o(i.TIM_ETR_SetConfig)
    TIM_OC2_SetConfig                        0x08004e49   Thumb Code    98  stm32f1xx_hal_tim.o(i.TIM_OC2_SetConfig)
    Task_Control_Start                       0x08004fb3   Thumb Code    26  task_servocontrol.o(i.Task_Control_Start)
    Task_IMU_Start                           0x08004fcd   Thumb Code   102  task_imu.o(i.Task_IMU_Start)
    Task_Init_Start                          0x0800504d   Thumb Code    38  task_init.o(i.Task_Init_Start)
    Task_StateMachine_Start                  0x080050a1   Thumb Code   128  task_statemachine.o(i.Task_StateMachine_Start)
    UART4_IRQHandler                         0x08005345   Thumb Code     6  stm32f1xx_it.o(i.UART4_IRQHandler)
    USART1_IRQHandler                        0x08005595   Thumb Code     6  stm32f1xx_it.o(i.USART1_IRQHandler)
    USART2_IRQHandler                        0x080055a1   Thumb Code     6  stm32f1xx_it.o(i.USART2_IRQHandler)
    USART3_IRQHandler                        0x080055ad   Thumb Code     6  stm32f1xx_it.o(i.USART3_IRQHandler)
    UsageFault_Handler                       0x0800577d   Thumb Code     2  stm32f1xx_it.o(i.UsageFault_Handler)
    __0printf$bare                           0x08005781   Thumb Code     8  printfb.o(i.__0printf$bare)
    __1printf$bare                           0x08005781   Thumb Code     0  printfb.o(i.__0printf$bare)
    __2printf                                0x08005781   Thumb Code     0  printfb.o(i.__0printf$bare)
    __ARM_fpclassify                         0x08005791   Thumb Code    40  fpclassify.o(i.__ARM_fpclassify)
    __ieee754_rem_pio2                       0x080057d9   Thumb Code   828  rred.o(i.__ieee754_rem_pio2)
    __kernel_cos                             0x08005b61   Thumb Code   230  cos_i.o(i.__kernel_cos)
    __kernel_poly                            0x08005c5d   Thumb Code   170  poly.o(i.__kernel_poly)
    __kernel_sin                             0x08005d09   Thumb Code   224  sin_i.o(i.__kernel_sin)
    __mathlib_dbl_divzero                    0x08005df5   Thumb Code    12  dunder.o(i.__mathlib_dbl_divzero)
    __mathlib_dbl_infnan                     0x08005e05   Thumb Code     6  dunder.o(i.__mathlib_dbl_infnan)
    __mathlib_dbl_infnan2                    0x08005e0b   Thumb Code     4  dunder.o(i.__mathlib_dbl_infnan2)
    __mathlib_dbl_invalid                    0x08005e0f   Thumb Code    12  dunder.o(i.__mathlib_dbl_invalid)
    __mathlib_dbl_overflow                   0x08005e1b   Thumb Code    14  dunder.o(i.__mathlib_dbl_overflow)
    __mathlib_dbl_underflow                  0x08005e29   Thumb Code    10  dunder.o(i.__mathlib_dbl_underflow)
    __scatterload_copy                       0x08005e39   Thumb Code    14  handlers.o(i.__scatterload_copy)
    __scatterload_null                       0x08005e47   Thumb Code     2  handlers.o(i.__scatterload_null)
    __scatterload_zeroinit                   0x08005e49   Thumb Code    14  handlers.o(i.__scatterload_zeroinit)
    __set_errno                              0x08005e59   Thumb Code     6  errno.o(i.__set_errno)
    acos                                     0x08005e89   Thumb Code   574  acos.o(i.acos)
    asin                                     0x08006105   Thumb Code   572  asin.o(i.asin)
    atan                                     0x08006375   Thumb Code   474  atan.o(i.atan)
    atan2                                    0x08006595   Thumb Code   346  atan2.o(i.atan2)
    cos                                      0x08006715   Thumb Code   148  cos.o(i.cos)
    fputc                                    0x080067b1   Thumb Code    20  main.o(i.fputc)
    inverse_kinematics                       0x080067d5   Thumb Code   640  inverse_k.o(i.inverse_kinematics)
    main                                     0x08006a6d   Thumb Code    60  main.o(i.main)
    osKernelStart                            0x08006add   Thumb Code    10  cmsis_os.o(i.osKernelStart)
    osMailCreate                             0x08006ae9   Thumb Code    92  cmsis_os.o(i.osMailCreate)
    osMailGet                                0x08006b45   Thumb Code   140  cmsis_os.o(i.osMailGet)
    osMailPut                                0x08006bd5   Thumb Code    88  cmsis_os.o(i.osMailPut)
    osPoolCreate                             0x08006c31   Thumb Code    94  cmsis_os.o(i.osPoolCreate)
    osThreadCreate                           0x08006c8f   Thumb Code    84  cmsis_os.o(i.osThreadCreate)
    pow                                      0x08006ce5   Thumb Code  2512  pow.o(i.pow)
    pvPortMalloc                             0x08007b31   Thumb Code   210  heap_4.o(i.pvPortMalloc)
    pxPortInitialiseStack                    0x08007c09   Thumb Code    32  port.o(i.pxPortInitialiseStack)
    sin                                      0x08007c2d   Thumb Code   150  sin.o(i.sin)
    sqrt                                     0x08007ccd   Thumb Code    76  sqrt.o(i.sqrt)
    uxListRemove                             0x08007d19   Thumb Code    38  list.o(i.uxListRemove)
    vApplicationGetIdleTaskMemory            0x08007d41   Thumb Code    16  freertos.o(i.vApplicationGetIdleTaskMemory)
    vListInitialise                          0x08007d55   Thumb Code    22  list.o(i.vListInitialise)
    vListInitialiseItem                      0x08007d6b   Thumb Code     6  list.o(i.vListInitialiseItem)
    vListInsert                              0x08007d71   Thumb Code    48  list.o(i.vListInsert)
    vListInsertEnd                           0x08007da1   Thumb Code    24  list.o(i.vListInsertEnd)
    vPortEnterCritical                       0x08007db9   Thumb Code    54  port.o(i.vPortEnterCritical)
    vPortExitCritical                        0x08007df9   Thumb Code    34  port.o(i.vPortExitCritical)
    vPortFree                                0x08007e21   Thumb Code    88  heap_4.o(i.vPortFree)
    vPortSetupTimerInterrupt                 0x08007e7d   Thumb Code    32  port.o(i.vPortSetupTimerInterrupt)
    vPortValidateInterruptPriority           0x08007ea1   Thumb Code    74  port.o(i.vPortValidateInterruptPriority)
    vTaskDelayUntil                          0x08007ef5   Thumb Code   132  tasks.o(i.vTaskDelayUntil)
    vTaskDelete                              0x08007f81   Thumb Code   158  tasks.o(i.vTaskDelete)
    vTaskInternalSetTimeOutState             0x0800802d   Thumb Code    12  tasks.o(i.vTaskInternalSetTimeOutState)
    vTaskMissedYield                         0x0800803d   Thumb Code     8  tasks.o(i.vTaskMissedYield)
    vTaskPlaceOnEventList                    0x08008049   Thumb Code    44  tasks.o(i.vTaskPlaceOnEventList)
    vTaskStartScheduler                      0x08008079   Thumb Code    90  tasks.o(i.vTaskStartScheduler)
    vTaskSuspendAll                          0x080080e5   Thumb Code    10  tasks.o(i.vTaskSuspendAll)
    vTaskSwitchContext                       0x080080f5   Thumb Code    82  tasks.o(i.vTaskSwitchContext)
    xPortStartScheduler                      0x08008151   Thumb Code   154  port.o(i.xPortStartScheduler)
    xQueueGenericCreate                      0x080081f9   Thumb Code    72  queue.o(i.xQueueGenericCreate)
    xQueueGenericReset                       0x08008241   Thumb Code   132  queue.o(i.xQueueGenericReset)
    xQueueGenericSend                        0x080082c9   Thumb Code   346  queue.o(i.xQueueGenericSend)
    xQueueGenericSendFromISR                 0x08008429   Thumb Code   188  queue.o(i.xQueueGenericSendFromISR)
    xQueueReceive                            0x080084e5   Thumb Code   308  queue.o(i.xQueueReceive)
    xQueueReceiveFromISR                     0x0800861d   Thumb Code   154  queue.o(i.xQueueReceiveFromISR)
    xTaskCheckForTimeOut                     0x080086b9   Thumb Code   112  tasks.o(i.xTaskCheckForTimeOut)
    xTaskCreate                              0x0800872d   Thumb Code    90  tasks.o(i.xTaskCreate)
    xTaskCreateStatic                        0x08008787   Thumb Code    86  tasks.o(i.xTaskCreateStatic)
    xTaskGetSchedulerState                   0x080087dd   Thumb Code    22  tasks.o(i.xTaskGetSchedulerState)
    xTaskGetTickCount                        0x080087f9   Thumb Code     6  tasks.o(i.xTaskGetTickCount)
    xTaskIncrementTick                       0x08008805   Thumb Code   192  tasks.o(i.xTaskIncrementTick)
    xTaskPriorityDisinherit                  0x080088cd   Thumb Code   144  tasks.o(i.xTaskPriorityDisinherit)
    xTaskRemoveFromEventList                 0x08008965   Thumb Code   108  tasks.o(i.xTaskRemoveFromEventList)
    xTaskResumeAll                           0x080089d9   Thumb Code   182  tasks.o(i.xTaskResumeAll)
    AHBPrescTable                            0x08008b24   Data          16  system_stm32f1xx.o(.constdata)
    APBPrescTable                            0x08008b34   Data           8  system_stm32f1xx.o(.constdata)
    __mathlib_zero                           0x08008d98   Data           8  qnan.o(.constdata)
    Region$$Table$$Base                      0x08008ec4   Number         0  anon$$obj.o(Region$$Table)
    Region$$Table$$Limit                     0x08008ee4   Number         0  anon$$obj.o(Region$$Table)
    flag                                     0x20000000   Data           1  task_statemachine.o(.data)
    distance                                 0x20000001   Data           1  task_statemachine.o(.data)
    GaitMode                                 0x20000002   Data           1  task_statemachine.o(.data)
    Mainstate                                0x20000003   Data           1  task_statemachine.o(.data)
    rdata                                    0x20000004   Data           4  task_statemachine.o(.data)
    T                                        0x20000038   Data           4  task_imu.o(.data)
    rdata2                                   0x20000040   Data           4  task_imu.o(.data)
    counter                                  0x20000044   Data           1  main.o(.data)
    counter2                                 0x20000045   Data           1  main.o(.data)
    myMail01Handle                           0x20000048   Data           4  freertos.o(.data)
    myMail02Handle                           0x2000004c   Data           4  freertos.o(.data)
    Task_IMUHandle                           0x20000050   Data           4  freertos.o(.data)
    Task_StateMHandle                        0x20000054   Data           4  freertos.o(.data)
    Task_InitHandle                          0x20000058   Data           4  freertos.o(.data)
    Task_ControlHandle                       0x2000005c   Data           4  freertos.o(.data)
    uwTickFreq                               0x20000060   Data           1  stm32f1xx_hal.o(.data)
    uwTickPrio                               0x20000064   Data           4  stm32f1xx_hal.o(.data)
    uwTick                                   0x20000068   Data           4  stm32f1xx_hal.o(.data)
    SystemCoreClock                          0x2000006c   Data           4  system_stm32f1xx.o(.data)
    pxCurrentTCB                             0x20000070   Data           4  tasks.o(.data)
    __stdout                                 0x200000d0   Data           4  stdout.o(.data)
    retval                                   0x200000d8   Data          12  task_statemachine.o(.bss)
    pos                                      0x200000e4   Data          12  task_servocontrol.o(.bss)
    angle_                                   0x200000f0   Data          12  task_servocontrol.o(.bss)
    a                                        0x200000fc   Data          12  task_imu.o(.bss)
    w                                        0x20000108   Data          12  task_imu.o(.bss)
    angle                                    0x20000114   Data          12  task_imu.o(.bss)
    retval2                                  0x20000120   Data          12  task_imu.o(.bss)
    data                                     0x2000012c   Data          20  main.o(.bss)
    data2                                    0x20000140   Data          20  main.o(.bss)
    Re_buf                                   0x20000154   Data          11  main.o(.bss)
    Re_buf2                                  0x2000016a   Data          10  main.o(.bss)
    data3                                    0x2000017e   Data          10  main.o(.bss)
    htim1                                    0x200003dc   Data          64  tim.o(.bss)
    htim2                                    0x2000041c   Data          64  tim.o(.bss)
    htim3                                    0x2000045c   Data          64  tim.o(.bss)
    htim4                                    0x2000049c   Data          64  tim.o(.bss)
    huart4                                   0x200004dc   Data          64  usart.o(.bss)
    huart1                                   0x2000051c   Data          64  usart.o(.bss)
    huart2                                   0x2000055c   Data          64  usart.o(.bss)
    huart3                                   0x2000059c   Data          64  usart.o(.bss)
    htim8                                    0x200005dc   Data          64  stm32f1xx_hal_timebase_tim.o(.bss)
    Leg_angle                                0x2000130c   Data          48  inverse_k.o(.bss)
    __initial_sp                             0x20001740   Data           0  startup_stm32f103xe.o(STACK)



==============================================================================

Memory Map of the image

  Image Entry point : 0x08000131

  Load Region LR_IROM1 (Base: 0x08000000, Size: 0x00008fbc, Max: 0x00080000, ABSOLUTE)

    Execution Region ER_IROM1 (Base: 0x08000000, Size: 0x00008ee4, Max: 0x00080000, ABSOLUTE)

    Base Addr    Size         Type   Attr      Idx    E Section Name        Object

    0x08000000   0x00000130   Data   RO            3    RESET               startup_stm32f103xe.o
    0x08000130   0x00000000   Code   RO         4484  * .ARM.Collect$$$$00000000  mc_w.l(entry.o)
    0x08000130   0x00000004   Code   RO         4822    .ARM.Collect$$$$00000001  mc_w.l(entry2.o)
    0x08000134   0x00000004   Code   RO         4825    .ARM.Collect$$$$00000004  mc_w.l(entry5.o)
    0x08000138   0x00000000   Code   RO         4827    .ARM.Collect$$$$00000008  mc_w.l(entry7b.o)
    0x08000138   0x00000000   Code   RO         4829    .ARM.Collect$$$$0000000A  mc_w.l(entry8b.o)
    0x08000138   0x00000008   Code   RO         4830    .ARM.Collect$$$$0000000B  mc_w.l(entry9a.o)
    0x08000140   0x00000000   Code   RO         4832    .ARM.Collect$$$$0000000D  mc_w.l(entry10a.o)
    0x08000140   0x00000000   Code   RO         4834    .ARM.Collect$$$$0000000F  mc_w.l(entry11a.o)
    0x08000140   0x00000004   Code   RO         4823    .ARM.Collect$$$$00002712  mc_w.l(entry2.o)
    0x08000144   0x00000096   Code   RO         4298    .emb_text           port.o
    0x080001da   0x00000002   PAD
    0x080001dc   0x00000024   Code   RO            4    .text               startup_stm32f103xe.o
    0x08000200   0x00000020   Code   RO         4487    .text               mc_w.l(llushr.o)
    0x08000220   0x00000024   Code   RO         4489    .text               mc_w.l(memcpya.o)
    0x08000244   0x00000024   Code   RO         4493    .text               mc_w.l(memseta.o)
    0x08000268   0x000000b0   Code   RO         4757    .text               mf_w.l(fadd.o)
    0x08000318   0x00000064   Code   RO         4759    .text               mf_w.l(fmul.o)
    0x0800037c   0x0000007c   Code   RO         4761    .text               mf_w.l(fdiv.o)
    0x080003f8   0x0000014e   Code   RO         4763    .text               mf_w.l(dadd.o)
    0x08000546   0x000000e4   Code   RO         4765    .text               mf_w.l(dmul.o)
    0x0800062a   0x000000de   Code   RO         4767    .text               mf_w.l(ddiv.o)
    0x08000708   0x0000002e   Code   RO         4769    .text               mf_w.l(dscalb.o)
    0x08000736   0x00000022   Code   RO         4771    .text               mf_w.l(dflti.o)
    0x08000758   0x00000028   Code   RO         4773    .text               mf_w.l(ffixui.o)
    0x08000780   0x00000026   Code   RO         4775    .text               mf_w.l(f2d.o)
    0x080007a6   0x00000038   Code   RO         4777    .text               mf_w.l(d2f.o)
    0x080007de   0x0000001e   Code   RO         4841    .text               mc_w.l(llshl.o)
    0x080007fc   0x00000024   Code   RO         4843    .text               mc_w.l(llsshr.o)
    0x08000820   0x00000000   Code   RO         4852    .text               mc_w.l(iusefp.o)
    0x08000820   0x0000006e   Code   RO         4853    .text               mf_w.l(fepilogue.o)
    0x0800088e   0x000000ba   Code   RO         4855    .text               mf_w.l(depilogue.o)
    0x08000948   0x000000a2   Code   RO         4857    .text               mf_w.l(dsqrt.o)
    0x080009ea   0x00000002   PAD
    0x080009ec   0x00000030   Code   RO         4863    .text               mf_w.l(cdrcmple.o)
    0x08000a1c   0x00000024   Code   RO         4865    .text               mc_w.l(init.o)
    0x08000a40   0x0000001a   Code   RO         4867    .text               mf_w.l(dfltui.o)
    0x08000a5a   0x0000003e   Code   RO         4869    .text               mf_w.l(dfixi.o)
    0x08000a98   0x00000068   Code   RO           13    i.Avoid_Obstacle    task_statemachine.o
    0x08000b00   0x00000002   Code   RO          666    i.BusFault_Handler  stm32f1xx_it.o
    0x08000b02   0x00000002   Code   RO          667    i.DebugMon_Handler  stm32f1xx_it.o
    0x08000b04   0x00000002   Code   RO          386    i.Error_Handler     main.o
    0x08000b06   0x00000002   PAD
    0x08000b08   0x0000000c   Code   RO           14    i.GetGaitMode       task_statemachine.o
    0x08000b14   0x0000000c   Code   RO           15    i.GetMainState      task_statemachine.o
    0x08000b20   0x00000130   Code   RO         1233    i.HAL_DMA_Abort_IT  stm32f1xx_hal_dma.o
    0x08000c50   0x00000024   Code   RO          860    i.HAL_Delay         stm32f1xx_hal.o
    0x08000c74   0x000001f8   Code   RO         1168    i.HAL_GPIO_Init     stm32f1xx_hal_gpio.o
    0x08000e6c   0x0000000e   Code   RO         1171    i.HAL_GPIO_TogglePin  stm32f1xx_hal_gpio.o
    0x08000e7a   0x0000000a   Code   RO         1172    i.HAL_GPIO_WritePin  stm32f1xx_hal_gpio.o
    0x08000e84   0x0000000c   Code   RO          864    i.HAL_GetTick       stm32f1xx_hal.o
    0x08000e90   0x00000010   Code   RO          870    i.HAL_IncTick       stm32f1xx_hal.o
    0x08000ea0   0x00000024   Code   RO          871    i.HAL_Init          stm32f1xx_hal.o
    0x08000ec4   0x00000074   Code   RO          778    i.HAL_InitTick      stm32f1xx_hal_timebase_tim.o
    0x08000f38   0x00000048   Code   RO          754    i.HAL_MspInit       stm32f1xx_hal_msp.o
    0x08000f80   0x0000001a   Code   RO         1328    i.HAL_NVIC_EnableIRQ  stm32f1xx_hal_cortex.o
    0x08000f9a   0x00000002   PAD
    0x08000f9c   0x00000040   Code   RO         1334    i.HAL_NVIC_SetPriority  stm32f1xx_hal_cortex.o
    0x08000fdc   0x00000024   Code   RO         1335    i.HAL_NVIC_SetPriorityGrouping  stm32f1xx_hal_cortex.o
    0x08001000   0x0000012c   Code   RO         1028    i.HAL_RCC_ClockConfig  stm32f1xx_hal_rcc.o
    0x0800112c   0x00000040   Code   RO         1032    i.HAL_RCC_GetClockConfig  stm32f1xx_hal_rcc.o
    0x0800116c   0x00000020   Code   RO         1035    i.HAL_RCC_GetPCLK1Freq  stm32f1xx_hal_rcc.o
    0x0800118c   0x00000020   Code   RO         1036    i.HAL_RCC_GetPCLK2Freq  stm32f1xx_hal_rcc.o
    0x080011ac   0x0000006c   Code   RO         1037    i.HAL_RCC_GetSysClockFreq  stm32f1xx_hal_rcc.o
    0x08001218   0x00000320   Code   RO         1040    i.HAL_RCC_OscConfig  stm32f1xx_hal_rcc.o
    0x08001538   0x00000002   Code   RO         2505    i.HAL_TIMEx_BreakCallback  stm32f1xx_hal_tim_ex.o
    0x0800153a   0x00000002   Code   RO         2506    i.HAL_TIMEx_CommutCallback  stm32f1xx_hal_tim_ex.o
    0x0800153c   0x00000054   Code   RO         2508    i.HAL_TIMEx_ConfigBreakDeadTime  stm32f1xx_hal_tim_ex.o
    0x08001590   0x00000042   Code   RO         2523    i.HAL_TIMEx_MasterConfigSynchronization  stm32f1xx_hal_tim_ex.o
    0x080015d2   0x00000036   Code   RO         1830    i.HAL_TIM_Base_Init  stm32f1xx_hal_tim.o
    0x08001608   0x00000070   Code   RO          541    i.HAL_TIM_Base_MspInit  tim.o
    0x08001678   0x00000022   Code   RO         1835    i.HAL_TIM_Base_Start_IT  stm32f1xx_hal_tim.o
    0x0800169a   0x000000d6   Code   RO         1839    i.HAL_TIM_ConfigClockSource  stm32f1xx_hal_tim.o
    0x08001770   0x00000002   Code   RO         1859    i.HAL_TIM_IC_CaptureCallback  stm32f1xx_hal_tim.o
    0x08001772   0x00000166   Code   RO         1873    i.HAL_TIM_IRQHandler  stm32f1xx_hal_tim.o
    0x080018d8   0x00000118   Code   RO          542    i.HAL_TIM_MspPostInit  tim.o
    0x080019f0   0x00000002   Code   RO         1876    i.HAL_TIM_OC_DelayElapsedCallback  stm32f1xx_hal_tim.o
    0x080019f2   0x000000d0   Code   RO         1897    i.HAL_TIM_PWM_ConfigChannel  stm32f1xx_hal_tim.o
    0x08001ac2   0x00000036   Code   RO         1900    i.HAL_TIM_PWM_Init  stm32f1xx_hal_tim.o
    0x08001af8   0x00000002   Code   RO         1902    i.HAL_TIM_PWM_MspInit  stm32f1xx_hal_tim.o
    0x08001afa   0x00000002   Code   RO         1903    i.HAL_TIM_PWM_PulseFinishedCallback  stm32f1xx_hal_tim.o
    0x08001afc   0x00000044   Code   RO         1905    i.HAL_TIM_PWM_Start  stm32f1xx_hal_tim.o
    0x08001b40   0x00000014   Code   RO          387    i.HAL_TIM_PeriodElapsedCallback  main.o
    0x08001b54   0x00000002   Code   RO         1916    i.HAL_TIM_TriggerCallback  stm32f1xx_hal_tim.o
    0x08001b56   0x00000002   Code   RO         2777    i.HAL_UART_ErrorCallback  stm32f1xx_hal_uart.o
    0x08001b58   0x00000110   Code   RO         2780    i.HAL_UART_IRQHandler  stm32f1xx_hal_uart.o
    0x08001c68   0x00000062   Code   RO         2781    i.HAL_UART_Init     stm32f1xx_hal_uart.o
    0x08001cca   0x00000002   PAD
    0x08001ccc   0x000001a4   Code   RO          607    i.HAL_UART_MspInit  usart.o
    0x08001e70   0x00000052   Code   RO         2786    i.HAL_UART_Receive_IT  stm32f1xx_hal_uart.o
    0x08001ec2   0x00000002   PAD
    0x08001ec4   0x00000100   Code   RO          388    i.HAL_UART_RxCpltCallback  main.o
    0x08001fc4   0x000000ba   Code   RO         2789    i.HAL_UART_Transmit  stm32f1xx_hal_uart.o
    0x0800207e   0x00000002   Code   RO         2792    i.HAL_UART_TxCpltCallback  stm32f1xx_hal_uart.o
    0x08002080   0x00000002   Code   RO          668    i.HardFault_Handler  stm32f1xx_it.o
    0x08002082   0x00000002   PAD
    0x08002084   0x00000094   Code   RO          256    i.IMU_Attitude_Control  task_servocontrol.o
    0x08002118   0x00000364   Code   RO         4378    i.Leg_Position_Vector  inverse_k.o
    0x0800247c   0x0000021c   Code   RO          348    i.MPU_Getdata       task_imu.o
    0x08002698   0x00000098   Code   RO          468    i.MX_FREERTOS_Init  freertos.o
    0x08002730   0x000000b8   Code   RO          444    i.MX_GPIO_Init      gpio.o
    0x080027e8   0x000000ec   Code   RO          543    i.MX_TIM1_Init      tim.o
    0x080028d4   0x000000b8   Code   RO          544    i.MX_TIM2_Init      tim.o
    0x0800298c   0x000000bc   Code   RO          545    i.MX_TIM3_Init      tim.o
    0x08002a48   0x000000bc   Code   RO          546    i.MX_TIM4_Init      tim.o
    0x08002b04   0x00000038   Code   RO          608    i.MX_UART4_Init     usart.o
    0x08002b3c   0x00000038   Code   RO          609    i.MX_USART1_UART_Init  usart.o
    0x08002b74   0x00000038   Code   RO          610    i.MX_USART2_UART_Init  usart.o
    0x08002bac   0x00000038   Code   RO          611    i.MX_USART3_UART_Init  usart.o
    0x08002be4   0x00000060   Code   RO           16    i.MainState_Update  task_statemachine.o
    0x08002c44   0x00000002   Code   RO          669    i.MemManage_Handler  stm32f1xx_it.o
    0x08002c46   0x00000002   Code   RO          670    i.NMI_Handler       stm32f1xx_it.o
    0x08002c48   0x000000b4   Code   RO          257    i.Pos_Attitude_Control  task_servocontrol.o
    0x08002cfc   0x0000039c   Code   RO          258    i.Servo_Control     task_servocontrol.o
    0x08003098   0x00000078   Code   RO          213    i.Servo_Init        task_init.o
    0x08003110   0x0000005c   Code   RO          259    i.Stand             task_servocontrol.o
    0x0800316c   0x00000bbc   Code   RO         4379    i.SupportingStatus_Trajectory  inverse_k.o
    0x08003d28   0x00000f24   Code   RO         4380    i.SwayStatus_Trajectory  inverse_k.o
    0x08004c4c   0x0000002c   Code   RO         4299    i.SysTick_Handler   port.o
    0x08004c78   0x0000004e   Code   RO          389    i.SystemClock_Config  main.o
    0x08004cc6   0x00000002   PAD
    0x08004cc8   0x00000048   Code   RO         3083    i.SystemInit        system_stm32f1xx.o
    0x08004d10   0x0000000c   Code   RO          671    i.TIM8_UP_IRQHandler  stm32f1xx_it.o
    0x08004d1c   0x0000008c   Code   RO         1918    i.TIM_Base_SetConfig  stm32f1xx_hal_tim.o
    0x08004da8   0x0000001a   Code   RO         1919    i.TIM_CCxChannelCmd  stm32f1xx_hal_tim.o
    0x08004dc2   0x00000014   Code   RO         1929    i.TIM_ETR_SetConfig  stm32f1xx_hal_tim.o
    0x08004dd6   0x00000010   Code   RO         1930    i.TIM_ITRx_SetConfig  stm32f1xx_hal_tim.o
    0x08004de6   0x00000002   PAD
    0x08004de8   0x00000060   Code   RO         1931    i.TIM_OC1_SetConfig  stm32f1xx_hal_tim.o
    0x08004e48   0x0000006c   Code   RO         1932    i.TIM_OC2_SetConfig  stm32f1xx_hal_tim.o
    0x08004eb4   0x00000068   Code   RO         1933    i.TIM_OC3_SetConfig  stm32f1xx_hal_tim.o
    0x08004f1c   0x00000050   Code   RO         1934    i.TIM_OC4_SetConfig  stm32f1xx_hal_tim.o
    0x08004f6c   0x00000022   Code   RO         1936    i.TIM_TI1_ConfigInputStage  stm32f1xx_hal_tim.o
    0x08004f8e   0x00000024   Code   RO         1938    i.TIM_TI2_ConfigInputStage  stm32f1xx_hal_tim.o
    0x08004fb2   0x0000001a   Code   RO          260    i.Task_Control_Start  task_servocontrol.o
    0x08004fcc   0x00000080   Code   RO          349    i.Task_IMU_Start    task_imu.o
    0x0800504c   0x00000054   Code   RO          214    i.Task_Init_Start   task_init.o
    0x080050a0   0x0000009c   Code   RO           17    i.Task_StateMachine_Start  task_statemachine.o
    0x0800513c   0x000000f8   Code   RO          261    i.Trans_Angle       task_servocontrol.o
    0x08005234   0x00000110   Code   RO          262    i.Trot_Gait         task_servocontrol.o
    0x08005344   0x0000000c   Code   RO          672    i.UART4_IRQHandler  stm32f1xx_it.o
    0x08005350   0x00000010   Code   RO         2794    i.UART_DMAAbortOnError  stm32f1xx_hal_uart.o
    0x08005360   0x0000001c   Code   RO         2804    i.UART_EndRxTransfer  stm32f1xx_hal_uart.o
    0x0800537c   0x00000096   Code   RO         2806    i.UART_Receive_IT   stm32f1xx_hal_uart.o
    0x08005412   0x00000002   PAD
    0x08005414   0x000000b8   Code   RO         2807    i.UART_SetConfig    stm32f1xx_hal_uart.o
    0x080054cc   0x00000062   Code   RO         2808    i.UART_Transmit_IT  stm32f1xx_hal_uart.o
    0x0800552e   0x00000064   Code   RO         2809    i.UART_WaitOnFlagUntilTimeout  stm32f1xx_hal_uart.o
    0x08005592   0x00000002   PAD
    0x08005594   0x0000000c   Code   RO          673    i.USART1_IRQHandler  stm32f1xx_it.o
    0x080055a0   0x0000000c   Code   RO          674    i.USART2_IRQHandler  stm32f1xx_it.o
    0x080055ac   0x0000000c   Code   RO          675    i.USART3_IRQHandler  stm32f1xx_it.o
    0x080055b8   0x000001c4   Code   RO          263    i.Update_Control    task_servocontrol.o
    0x0800577c   0x00000002   Code   RO          676    i.UsageFault_Handler  stm32f1xx_it.o
    0x0800577e   0x00000002   PAD
    0x08005780   0x00000010   Code   RO         4498    i.__0printf$bare    mc_w.l(printfb.o)
    0x08005790   0x00000028   Code   RO         4806    i.__ARM_fpclassify  m_ws.l(fpclassify.o)
    0x080057b8   0x00000020   Code   RO         1341    i.__NVIC_SetPriority  stm32f1xx_hal_cortex.o
    0x080057d8   0x00000388   Code   RO         4811    i.__ieee754_rem_pio2  m_ws.l(rred.o)
    0x08005b60   0x000000fc   Code   RO         4789    i.__kernel_cos      m_ws.l(cos_i.o)
    0x08005c5c   0x000000aa   Code   RO         4808    i.__kernel_poly     m_ws.l(poly.o)
    0x08005d06   0x00000002   PAD
    0x08005d08   0x000000ec   Code   RO         4816    i.__kernel_sin      m_ws.l(sin_i.o)
    0x08005df4   0x00000010   Code   RO         4792    i.__mathlib_dbl_divzero  m_ws.l(dunder.o)
    0x08005e04   0x00000006   Code   RO         4793    i.__mathlib_dbl_infnan  m_ws.l(dunder.o)
    0x08005e0a   0x00000004   Code   RO         4794    i.__mathlib_dbl_infnan2  m_ws.l(dunder.o)
    0x08005e0e   0x0000000c   Code   RO         4795    i.__mathlib_dbl_invalid  m_ws.l(dunder.o)
    0x08005e1a   0x0000000e   Code   RO         4796    i.__mathlib_dbl_overflow  m_ws.l(dunder.o)
    0x08005e28   0x00000010   Code   RO         4798    i.__mathlib_dbl_underflow  m_ws.l(dunder.o)
    0x08005e38   0x0000000e   Code   RO         4873    i.__scatterload_copy  mc_w.l(handlers.o)
    0x08005e46   0x00000002   Code   RO         4874    i.__scatterload_null  mc_w.l(handlers.o)
    0x08005e48   0x0000000e   Code   RO         4875    i.__scatterload_zeroinit  mc_w.l(handlers.o)
    0x08005e56   0x00000002   PAD
    0x08005e58   0x0000000c   Code   RO         4847    i.__set_errno       mc_w.l(errno.o)
    0x08005e64   0x00000022   Code   RO         4505    i._printf_core      mc_w.l(printfb.o)
    0x08005e86   0x00000002   PAD
    0x08005e88   0x0000027c   Code   RO         4423    i.acos              m_ws.l(acos.o)
    0x08006104   0x00000270   Code   RO         4433    i.asin              m_ws.l(asin.o)
    0x08006374   0x00000220   Code   RO         4780    i.atan              m_ws.l(atan.o)
    0x08006594   0x00000180   Code   RO         4443    i.atan2             m_ws.l(atan2.o)
    0x08006714   0x0000009c   Code   RO         4451    i.cos               m_ws.l(cos.o)
    0x080067b0   0x00000018   Code   RO          390    i.fputc             main.o
    0x080067c8   0x0000000c   Code   RO         3868    i.inHandlerMode     cmsis_os.o
    0x080067d4   0x00000298   Code   RO         4381    i.inverse_kinematics  inverse_k.o
    0x08006a6c   0x00000064   Code   RO          391    i.main              main.o
    0x08006ad0   0x0000000c   Code   RO         3870    i.makeFreeRtosPriority  cmsis_os.o
    0x08006adc   0x0000000a   Code   RO         3875    i.osKernelStart     cmsis_os.o
    0x08006ae6   0x00000002   PAD
    0x08006ae8   0x0000005c   Code   RO         3879    i.osMailCreate      cmsis_os.o
    0x08006b44   0x00000090   Code   RO         3881    i.osMailGet         cmsis_os.o
    0x08006bd4   0x0000005c   Code   RO         3882    i.osMailPut         cmsis_os.o
    0x08006c30   0x0000005e   Code   RO         3896    i.osPoolCreate      cmsis_os.o
    0x08006c8e   0x00000054   Code   RO         3909    i.osThreadCreate    cmsis_os.o
    0x08006ce2   0x00000002   PAD
    0x08006ce4   0x000009d8   Code   RO         4459    i.pow               m_ws.l(pow.o)
    0x080076bc   0x00000070   Code   RO         3561    i.prvAddCurrentTaskToDelayedList  tasks.o
    0x0800772c   0x000000d0   Code   RO         3562    i.prvAddNewTaskToReadyList  tasks.o
    0x080077fc   0x00000026   Code   RO         3249    i.prvCopyDataFromQueue  queue.o
    0x08007822   0x0000006c   Code   RO         3250    i.prvCopyDataToQueue  queue.o
    0x0800788e   0x00000034   Code   RO         3563    i.prvDeleteTCB      tasks.o
    0x080078c2   0x00000002   PAD
    0x080078c4   0x0000004c   Code   RO         4237    i.prvHeapInit       heap_4.o
    0x08007910   0x00000060   Code   RO         3564    i.prvIdleTask       tasks.o
    0x08007970   0x00000016   Code   RO         3252    i.prvInitialiseNewQueue  queue.o
    0x08007986   0x0000008e   Code   RO         3565    i.prvInitialiseNewTask  tasks.o
    0x08007a14   0x0000004c   Code   RO         4238    i.prvInsertBlockIntoFreeList  heap_4.o
    0x08007a60   0x0000001c   Code   RO         3253    i.prvIsQueueEmpty   queue.o
    0x08007a7c   0x00000020   Code   RO         3566    i.prvResetNextTaskUnblockTime  tasks.o
    0x08007a9c   0x00000028   Code   RO         4300    i.prvTaskExitError  port.o
    0x08007ac4   0x0000006a   Code   RO         3254    i.prvUnlockQueue    queue.o
    0x08007b2e   0x00000002   PAD
    0x08007b30   0x000000d8   Code   RO         4239    i.pvPortMalloc      heap_4.o
    0x08007c08   0x00000024   Code   RO         4301    i.pxPortInitialiseStack  port.o
    0x08007c2c   0x000000a0   Code   RO         4469    i.sin               m_ws.l(sin.o)
    0x08007ccc   0x0000004c   Code   RO         4477    i.sqrt              m_ws.l(sqrt.o)
    0x08007d18   0x00000026   Code   RO         3212    i.uxListRemove      list.o
    0x08007d3e   0x00000002   PAD
    0x08007d40   0x00000014   Code   RO          473    i.vApplicationGetIdleTaskMemory  freertos.o
    0x08007d54   0x00000016   Code   RO         3213    i.vListInitialise   list.o
    0x08007d6a   0x00000006   Code   RO         3214    i.vListInitialiseItem  list.o
    0x08007d70   0x00000030   Code   RO         3215    i.vListInsert       list.o
    0x08007da0   0x00000018   Code   RO         3216    i.vListInsertEnd    list.o
    0x08007db8   0x00000040   Code   RO         4303    i.vPortEnterCritical  port.o
    0x08007df8   0x00000028   Code   RO         4304    i.vPortExitCritical  port.o
    0x08007e20   0x0000005c   Code   RO         4240    i.vPortFree         heap_4.o
    0x08007e7c   0x00000024   Code   RO         4305    i.vPortSetupTimerInterrupt  port.o
    0x08007ea0   0x00000054   Code   RO         4306    i.vPortValidateInterruptPriority  port.o
    0x08007ef4   0x0000008c   Code   RO         3575    i.vTaskDelayUntil   tasks.o
    0x08007f80   0x000000ac   Code   RO         3576    i.vTaskDelete       tasks.o
    0x0800802c   0x00000010   Code   RO         3578    i.vTaskInternalSetTimeOutState  tasks.o
    0x0800803c   0x0000000c   Code   RO         3579    i.vTaskMissedYield  tasks.o
    0x08008048   0x00000030   Code   RO         3581    i.vTaskPlaceOnEventList  tasks.o
    0x08008078   0x0000006c   Code   RO         3588    i.vTaskStartScheduler  tasks.o
    0x080080e4   0x00000010   Code   RO         3590    i.vTaskSuspendAll   tasks.o
    0x080080f4   0x0000005c   Code   RO         3591    i.vTaskSwitchContext  tasks.o
    0x08008150   0x000000a8   Code   RO         4307    i.xPortStartScheduler  port.o
    0x080081f8   0x00000048   Code   RO         3263    i.xQueueGenericCreate  queue.o
    0x08008240   0x00000088   Code   RO         3265    i.xQueueGenericReset  queue.o
    0x080082c8   0x00000160   Code   RO         3266    i.xQueueGenericSend  queue.o
    0x08008428   0x000000bc   Code   RO         3267    i.xQueueGenericSendFromISR  queue.o
    0x080084e4   0x00000138   Code   RO         3273    i.xQueueReceive     queue.o
    0x0800861c   0x0000009a   Code   RO         3274    i.xQueueReceiveFromISR  queue.o
    0x080086b6   0x00000002   PAD
    0x080086b8   0x00000074   Code   RO         3592    i.xTaskCheckForTimeOut  tasks.o
    0x0800872c   0x0000005a   Code   RO         3593    i.xTaskCreate       tasks.o
    0x08008786   0x00000056   Code   RO         3594    i.xTaskCreateStatic  tasks.o
    0x080087dc   0x0000001c   Code   RO         3598    i.xTaskGetSchedulerState  tasks.o
    0x080087f8   0x0000000c   Code   RO         3599    i.xTaskGetTickCount  tasks.o
    0x08008804   0x000000c8   Code   RO         3601    i.xTaskIncrementTick  tasks.o
    0x080088cc   0x00000098   Code   RO         3604    i.xTaskPriorityDisinherit  tasks.o
    0x08008964   0x00000074   Code   RO         3606    i.xTaskRemoveFromEventList  tasks.o
    0x080089d8   0x000000c4   Code   RO         3607    i.xTaskResumeAll    tasks.o
    0x08008a9c   0x00000088   Data   RO          475    .constdata          freertos.o
    0x08008b24   0x00000010   Data   RO         3084    .constdata          system_stm32f1xx.o
    0x08008b34   0x00000008   Data   RO         3085    .constdata          system_stm32f1xx.o
    0x08008b3c   0x0000006c   Data   RO         4383    .constdata          inverse_k.o
    0x08008ba8   0x00000050   Data   RO         4424    .constdata          m_ws.l(acos.o)
    0x08008bf8   0x00000050   Data   RO         4434    .constdata          m_ws.l(asin.o)
    0x08008c48   0x00000088   Data   RO         4460    .constdata          m_ws.l(pow.o)
    0x08008cd0   0x00000098   Data   RO         4781    .constdata          m_ws.l(atan.o)
    0x08008d68   0x00000030   Data   RO         4790    .constdata          m_ws.l(cos_i.o)
    0x08008d98   0x00000008   Data   RO         4810    .constdata          m_ws.l(qnan.o)
    0x08008da0   0x000000c8   Data   RO         4813    .constdata          m_ws.l(rred.o)
    0x08008e68   0x00000028   Data   RO         4817    .constdata          m_ws.l(sin_i.o)
    0x08008e90   0x00000032   Data   RO          476    .conststring        freertos.o
    0x08008ec2   0x00000002   PAD
    0x08008ec4   0x00000020   Data   RO         4871    Region$$Table       anon$$obj.o


    Execution Region RW_IRAM1 (Base: 0x20000000, Size: 0x00001740, Max: 0x00010000, ABSOLUTE)

    Base Addr    Size         Type   Attr      Idx    E Section Name        Object

    0x20000000   0x00000008   Data   RW           20    .data               task_statemachine.o
    0x20000008   0x00000030   Data   RW          265    .data               task_servocontrol.o
    0x20000038   0x0000000c   Data   RW          351    .data               task_imu.o
    0x20000044   0x00000002   Data   RW          393    .data               main.o
    0x20000046   0x00000002   PAD
    0x20000048   0x00000018   Data   RW          477    .data               freertos.o
    0x20000060   0x0000000c   Data   RW          878    .data               stm32f1xx_hal.o
    0x2000006c   0x00000004   Data   RW         3086    .data               system_stm32f1xx.o
    0x20000070   0x0000003c   Data   RW         3610    .data               tasks.o
    0x200000ac   0x00000018   Data   RW         4245    .data               heap_4.o
    0x200000c4   0x0000000c   Data   RW         4308    .data               port.o
    0x200000d0   0x00000004   Data   RW         4836    .data               mc_w.l(stdout.o)
    0x200000d4   0x00000004   Data   RW         4848    .data               mc_w.l(errno.o)
    0x200000d8   0x0000000c   Zero   RW           18    .bss                task_statemachine.o
    0x200000e4   0x00000018   Zero   RW          264    .bss                task_servocontrol.o
    0x200000fc   0x00000030   Zero   RW          350    .bss                task_imu.o
    0x2000012c   0x0000005c   Zero   RW          392    .bss                main.o
    0x20000188   0x00000254   Zero   RW          474    .bss                freertos.o
    0x200003dc   0x00000100   Zero   RW          547    .bss                tim.o
    0x200004dc   0x00000100   Zero   RW          612    .bss                usart.o
    0x200005dc   0x00000040   Zero   RW          781    .bss                stm32f1xx_hal_timebase_tim.o
    0x2000061c   0x000000f0   Zero   RW         3609    .bss                tasks.o
    0x2000070c   0x00000c00   Zero   RW         4244    .bss                heap_4.o
    0x2000130c   0x00000030   Zero   RW         4382    .bss                inverse_k.o
    0x2000133c   0x00000004   PAD
    0x20001340   0x00000400   Zero   RW            1    STACK               startup_stm32f103xe.o


==============================================================================

Image component sizes


      Code (inc. data)   RO Data    RW Data    ZI Data      Debug   Object Name

       540          8          0          0          0      28737   cmsis_os.o
         0          0          0          0          0      16616   event_groups.o
       172         12        186         24        596       7000   freertos.o
       184         14          0          0          0        923   gpio.o
       460         24          0         24       3072       7059   heap_4.o
      8412        502        108          0         48       5570   inverse_k.o
       138          0          0          0          0       3246   list.o
       480         92          0          2         92       3991   main.o
       662         70          0         12          0      10861   port.o
      1516         14          0          0          0      13581   queue.o
        36          8        304          0       1024        776   startup_stm32f103xe.o
       100         18          0         12          0       5666   stm32f1xx_hal.o
       158         14          0          0          0      28058   stm32f1xx_hal_cortex.o
       304          8          0          0          0       1115   stm32f1xx_hal_dma.o
       528         42          0          0          0       3401   stm32f1xx_hal_gpio.o
        72         10          0          0          0        794   stm32f1xx_hal_msp.o
      1336        110          0          0          0       5645   stm32f1xx_hal_rcc.o
      1660         66          0          0          0      15214   stm32f1xx_hal_tim.o
       154          0          0          0          0       3017   stm32f1xx_hal_tim_ex.o
       116         18          0          0         64       1319   stm32f1xx_hal_timebase_tim.o
      1218         12          0          0          0       8971   stm32f1xx_hal_uart.o
        72         30          0          0          0       4385   stm32f1xx_it.o
         0          0          0          0          0        392   stream_buffer.o
        72         16         24          4          0       1079   system_stm32f1xx.o
       668         62          0         12         48       2069   task_imu.o
       204         64          0          0          0       1238   task_init.o
      2342        186          0         48         24      22388   task_servocontrol.o
       380         62          0          8         12     517095   task_statemachine.o
      2242        166          0         60        240      22613   tasks.o
      1188         88          0          0        256       4695   tim.o
       644         72          0          0        256       3447   usart.o

    ----------------------------------------------------------------------
     26092       1788        656        208       5736     750961   Object Totals
         0          0         32          0          0          0   (incl. Generated)
        34          0          2          2          4          0   (incl. Padding)

    ----------------------------------------------------------------------

      Code (inc. data)   RO Data    RW Data    ZI Data      Debug   Library Member Name

       636         62         80          0          0        188   acos.o
       624         52         80          0          0        168   asin.o
       544         70        152          0          0        124   atan.o
       384         38          0          0          0        144   atan2.o
       156          8          0          0          0        104   cos.o
       252         22         48          0          0        124   cos_i.o
        68         10          0          0          0        408   dunder.o
        40          0          0          0          0         68   fpclassify.o
       170          0          0          0          0         96   poly.o
      2520        190        136          0          0        324   pow.o
         0          0          8          0          0          0   qnan.o
       904         76        200          0          0        140   rred.o
       160         10          0          0          0        108   sin.o
       236         12         40          0          0        128   sin_i.o
        76          0          0          0          0         84   sqrt.o
         0          0          0          0          0          0   entry.o
         0          0          0          0          0          0   entry10a.o
         0          0          0          0          0          0   entry11a.o
         8          4          0          0          0          0   entry2.o
         4          0          0          0          0          0   entry5.o
         0          0          0          0          0          0   entry7b.o
         0          0          0          0          0          0   entry8b.o
         8          4          0          0          0          0   entry9a.o
        12          6          0          4          0         68   errno.o
        30          0          0          0          0          0   handlers.o
        36          8          0          0          0         68   init.o
         0          0          0          0          0          0   iusefp.o
        30          0          0          0          0         68   llshl.o
        36          0          0          0          0         68   llsshr.o
        32          0          0          0          0         68   llushr.o
        36          0          0          0          0         68   memcpya.o
        36          0          0          0          0        108   memseta.o
        50          8          0          0          0        152   printfb.o
         0          0          0          4          0          0   stdout.o
        48          0          0          0          0         68   cdrcmple.o
        56          0          0          0          0         88   d2f.o
       334          0          0          0          0        148   dadd.o
       222          0          0          0          0        100   ddiv.o
       186          0          0          0          0        176   depilogue.o
        62          0          0          0          0         80   dfixi.o
        34          0          0          0          0         76   dflti.o
        26          0          0          0          0         76   dfltui.o
       228          0          0          0          0         96   dmul.o
        46          0          0          0          0         80   dscalb.o
       162          0          0          0          0        100   dsqrt.o
        38          0          0          0          0         68   f2d.o
       176          0          0          0          0        140   fadd.o
       124          0          0          0          0         88   fdiv.o
       110          0          0          0          0        168   fepilogue.o
        40          0          0          0          0         68   ffixui.o
       100          0          0          0          0         76   fmul.o

    ----------------------------------------------------------------------
      9088        580        744          8          0       4572   Library Totals
         8          0          0          0          0          0   (incl. Padding)

    ----------------------------------------------------------------------

      Code (inc. data)   RO Data    RW Data    ZI Data      Debug   Library Name

      6770        550        744          0          0       2208   m_ws.l
       318         30          0          8          0        668   mc_w.l
      1992          0          0          0          0       1696   mf_w.l

    ----------------------------------------------------------------------
      9088        580        744          8          0       4572   Library Totals

    ----------------------------------------------------------------------

==============================================================================


      Code (inc. data)   RO Data    RW Data    ZI Data      Debug   

     35180       2368       1400        216       5736     744713   Grand Totals
     35180       2368       1400        216       5736     744713   ELF Image Totals
     35180       2368       1400        216          0          0   ROM Totals

==============================================================================

    Total RO  Size (Code + RO Data)                36580 (  35.72kB)
    Total RW  Size (RW Data + ZI Data)              5952 (   5.81kB)
    Total ROM Size (Code + RO Data + RW Data)      36796 (  35.93kB)

==============================================================================

